Archive member included to satisfy reference by file (symbol)

c:/st/stm32cubeide_1.4.0/stm32cubeide/plugins/com.st.stm32cube.ide.mcu.externaltools.gnu-tools-for-stm32.7-2018-q2-update.win32_1.4.0.202007081208/tools/bin/../lib/gcc/arm-none-eabi/7.3.1/../../../../arm-none-eabi/lib/thumb/v7-m\libc_nano.a(lib_a-errno.o)
                              Core/Src/syscalls.o (__errno)
c:/st/stm32cubeide_1.4.0/stm32cubeide/plugins/com.st.stm32cube.ide.mcu.externaltools.gnu-tools-for-stm32.7-2018-q2-update.win32_1.4.0.202007081208/tools/bin/../lib/gcc/arm-none-eabi/7.3.1/../../../../arm-none-eabi/lib/thumb/v7-m\libc_nano.a(lib_a-exit.o)
                              c:/st/stm32cubeide_1.4.0/stm32cubeide/plugins/com.st.stm32cube.ide.mcu.externaltools.gnu-tools-for-stm32.7-2018-q2-update.win32_1.4.0.202007081208/tools/bin/../lib/gcc/arm-none-eabi/7.3.1/../../../../arm-none-eabi/lib/thumb/v7-m/crt0.o (exit)
c:/st/stm32cubeide_1.4.0/stm32cubeide/plugins/com.st.stm32cube.ide.mcu.externaltools.gnu-tools-for-stm32.7-2018-q2-update.win32_1.4.0.202007081208/tools/bin/../lib/gcc/arm-none-eabi/7.3.1/../../../../arm-none-eabi/lib/thumb/v7-m\libc_nano.a(lib_a-impure.o)
                              c:/st/stm32cubeide_1.4.0/stm32cubeide/plugins/com.st.stm32cube.ide.mcu.externaltools.gnu-tools-for-stm32.7-2018-q2-update.win32_1.4.0.202007081208/tools/bin/../lib/gcc/arm-none-eabi/7.3.1/../../../../arm-none-eabi/lib/thumb/v7-m\libc_nano.a(lib_a-exit.o) (_global_impure_ptr)
c:/st/stm32cubeide_1.4.0/stm32cubeide/plugins/com.st.stm32cube.ide.mcu.externaltools.gnu-tools-for-stm32.7-2018-q2-update.win32_1.4.0.202007081208/tools/bin/../lib/gcc/arm-none-eabi/7.3.1/../../../../arm-none-eabi/lib/thumb/v7-m\libc_nano.a(lib_a-init.o)
                              c:/st/stm32cubeide_1.4.0/stm32cubeide/plugins/com.st.stm32cube.ide.mcu.externaltools.gnu-tools-for-stm32.7-2018-q2-update.win32_1.4.0.202007081208/tools/bin/../lib/gcc/arm-none-eabi/7.3.1/../../../../arm-none-eabi/lib/thumb/v7-m/crt0.o (__libc_init_array)
c:/st/stm32cubeide_1.4.0/stm32cubeide/plugins/com.st.stm32cube.ide.mcu.externaltools.gnu-tools-for-stm32.7-2018-q2-update.win32_1.4.0.202007081208/tools/bin/../lib/gcc/arm-none-eabi/7.3.1/../../../../arm-none-eabi/lib/thumb/v7-m\libc_nano.a(lib_a-memcpy-stub.o)
                              Middlewares/Third_Party/FreeRTOS/Source/CMSIS_RTOS_V2/cmsis_os2.o (memcpy)
c:/st/stm32cubeide_1.4.0/stm32cubeide/plugins/com.st.stm32cube.ide.mcu.externaltools.gnu-tools-for-stm32.7-2018-q2-update.win32_1.4.0.202007081208/tools/bin/../lib/gcc/arm-none-eabi/7.3.1/../../../../arm-none-eabi/lib/thumb/v7-m\libc_nano.a(lib_a-memset.o)
                              c:/st/stm32cubeide_1.4.0/stm32cubeide/plugins/com.st.stm32cube.ide.mcu.externaltools.gnu-tools-for-stm32.7-2018-q2-update.win32_1.4.0.202007081208/tools/bin/../lib/gcc/arm-none-eabi/7.3.1/../../../../arm-none-eabi/lib/thumb/v7-m/crt0.o (memset)

Allocating common symbols
Common symbol       size              file

hUsbDeviceFS        0x2cc             USB_DEVICE/App/usb_device.o
defaultTaskHandle   0x4               Core/Src/main.o
uwTick              0x4               Drivers/STM32F1xx_HAL_Driver/Src/stm32f1xx_hal.o
xQueueRegistry      0x40              Middlewares/Third_Party/FreeRTOS/Source/queue.o
pFlash              0x20              Drivers/STM32F1xx_HAL_Driver/Src/stm32f1xx_hal_flash.o
customHIDInstance   0x18              Middlewares/ST/STM32_USB_Device_Library/Class/CustomHID/Src/usbd_customhid.o
htim1               0x40              Core/Src/stm32f1xx_hal_timebase_tim.o
mouseInstance       0x10              Middlewares/ST/STM32_USB_Device_Library/Class/Mouse/Src/usbd_mouse.o
hpcd_USB_FS         0x26c             USB_DEVICE/Target/usbd_conf.o
USBD_StrDesc        0x200             USB_DEVICE/App/usbd_desc.o

Discarded input sections

 .text          0x0000000000000000        0x0 c:/st/stm32cubeide_1.4.0/stm32cubeide/plugins/com.st.stm32cube.ide.mcu.externaltools.gnu-tools-for-stm32.7-2018-q2-update.win32_1.4.0.202007081208/tools/bin/../lib/gcc/arm-none-eabi/7.3.1/thumb/v7-m/crti.o
 .data          0x0000000000000000        0x0 c:/st/stm32cubeide_1.4.0/stm32cubeide/plugins/com.st.stm32cube.ide.mcu.externaltools.gnu-tools-for-stm32.7-2018-q2-update.win32_1.4.0.202007081208/tools/bin/../lib/gcc/arm-none-eabi/7.3.1/thumb/v7-m/crti.o
 .bss           0x0000000000000000        0x0 c:/st/stm32cubeide_1.4.0/stm32cubeide/plugins/com.st.stm32cube.ide.mcu.externaltools.gnu-tools-for-stm32.7-2018-q2-update.win32_1.4.0.202007081208/tools/bin/../lib/gcc/arm-none-eabi/7.3.1/thumb/v7-m/crti.o
 .data          0x0000000000000000        0x4 c:/st/stm32cubeide_1.4.0/stm32cubeide/plugins/com.st.stm32cube.ide.mcu.externaltools.gnu-tools-for-stm32.7-2018-q2-update.win32_1.4.0.202007081208/tools/bin/../lib/gcc/arm-none-eabi/7.3.1/thumb/v7-m/crtbegin.o
[...]
Memory Configuration

Name             Origin             Length             Attributes
RAM              0x0000000020000000 0x0000000000005000 xrw
FLASH            0x0000000008000000 0x0000000000010000 xr
*default*        0x0000000000000000 0xffffffffffffffff

Linker script and memory map

LOAD c:/st/stm32cubeide_1.4.0/stm32cubeide/plugins/com.st.stm32cube.ide.mcu.externaltools.gnu-tools-for-stm32.7-2018-q2-update.win32_1.4.0.202007081208/tools/bin/../lib/gcc/arm-none-eabi/7.3.1/thumb/v7-m/crti.o
LOAD c:/st/stm32cubeide_1.4.0/stm32cubeide/plugins/com.st.stm32cube.ide.mcu.externaltools.gnu-tools-for-stm32.7-2018-q2-update.win32_1.4.0.202007081208/tools/bin/../lib/gcc/arm-none-eabi/7.3.1/thumb/v7-m/crtbegin.o
LOAD c:/st/stm32cubeide_1.4.0/stm32cubeide/plugins/com.st.stm32cube.ide.mcu.externaltools.gnu-tools-for-stm32.7-2018-q2-update.win32_1.4.0.202007081208/tools/bin/../lib/gcc/arm-none-eabi/7.3.1/../../../../arm-none-eabi/lib/thumb/v7-m/crt0.o
LOAD Core/Src/freertos.o
LOAD Core/Src/main.o
LOAD Core/Src/stm32f1xx_hal_msp.o
LOAD Core/Src/stm32f1xx_hal_timebase_tim.o
LOAD Core/Src/stm32f1xx_it.o
LOAD Core/Src/syscalls.o
LOAD Core/Src/sysmem.o
LOAD Core/Src/system_stm32f1xx.o
LOAD Core/Startup/startup_stm32f103c8tx.o
LOAD Drivers/STM32F1xx_HAL_Driver/Src/stm32f1xx_hal.o
LOAD Drivers/STM32F1xx_HAL_Driver/Src/stm32f1xx_hal_cortex.o
LOAD Drivers/STM32F1xx_HAL_Driver/Src/stm32f1xx_hal_dma.o
LOAD Drivers/STM32F1xx_HAL_Driver/Src/stm32f1xx_hal_exti.o
LOAD Drivers/STM32F1xx_HAL_Driver/Src/stm32f1xx_hal_flash.o
LOAD Drivers/STM32F1xx_HAL_Driver/Src/stm32f1xx_hal_flash_ex.o
LOAD Drivers/STM32F1xx_HAL_Driver/Src/stm32f1xx_hal_gpio.o
LOAD Drivers/STM32F1xx_HAL_Driver/Src/stm32f1xx_hal_gpio_ex.o
LOAD Drivers/STM32F1xx_HAL_Driver/Src/stm32f1xx_hal_pcd.o
LOAD Drivers/STM32F1xx_HAL_Driver/Src/stm32f1xx_hal_pcd_ex.o
LOAD Drivers/STM32F1xx_HAL_Driver/Src/stm32f1xx_hal_pwr.o
LOAD Drivers/STM32F1xx_HAL_Driver/Src/stm32f1xx_hal_rcc.o
LOAD Drivers/STM32F1xx_HAL_Driver/Src/stm32f1xx_hal_rcc_ex.o
LOAD Drivers/STM32F1xx_HAL_Driver/Src/stm32f1xx_hal_tim.o
LOAD Drivers/STM32F1xx_HAL_Driver/Src/stm32f1xx_hal_tim_ex.o
LOAD Drivers/STM32F1xx_HAL_Driver/Src/stm32f1xx_ll_usb.o
LOAD Middlewares/ST/STM32_USB_Device_Library/Class/Composite/Src/usbd_composite.o
LOAD Middlewares/ST/STM32_USB_Device_Library/Class/CustomHID/Src/usbd_customhid.o
LOAD Middlewares/ST/STM32_USB_Device_Library/Class/Mouse/Src/usbd_mouse.o
LOAD Middlewares/ST/STM32_USB_Device_Library/Core/Src/usbd_core.o
LOAD Middlewares/ST/STM32_USB_Device_Library/Core/Src/usbd_ctlreq.o
LOAD Middlewares/ST/STM32_USB_Device_Library/Core/Src/usbd_ioreq.o
LOAD Middlewares/Third_Party/FreeRTOS/Source/CMSIS_RTOS_V2/cmsis_os2.o
LOAD Middlewares/Third_Party/FreeRTOS/Source/croutine.o
LOAD Middlewares/Third_Party/FreeRTOS/Source/event_groups.o
LOAD Middlewares/Third_Party/FreeRTOS/Source/list.o
LOAD Middlewares/Third_Party/FreeRTOS/Source/queue.o
LOAD Middlewares/Third_Party/FreeRTOS/Source/stream_buffer.o
LOAD Middlewares/Third_Party/FreeRTOS/Source/tasks.o
LOAD Middlewares/Third_Party/FreeRTOS/Source/timers.o
LOAD Middlewares/Third_Party/FreeRTOS/Source/portable/GCC/ARM_CM3/port.o
LOAD Middlewares/Third_Party/FreeRTOS/Source/portable/MemMang/heap_4.o
LOAD USB_DEVICE/App/usb_device.o
LOAD USB_DEVICE/App/usbd_custom_hid_if.o
LOAD USB_DEVICE/App/usbd_desc.o
LOAD USB_DEVICE/Target/usbd_conf.o
START GROUP
LOAD c:/st/stm32cubeide_1.4.0/stm32cubeide/plugins/com.st.stm32cube.ide.mcu.externaltools.gnu-tools-for-stm32.7-2018-q2-update.win32_1.4.0.202007081208/tools/bin/../lib/gcc/arm-none-eabi/7.3.1/../../../../arm-none-eabi/lib/thumb/v7-m\libc_nano.a
LOAD c:/st/stm32cubeide_1.4.0/stm32cubeide/plugins/com.st.stm32cube.ide.mcu.externaltools.gnu-tools-for-stm32.7-2018-q2-update.win32_1.4.0.202007081208/tools/bin/../lib/gcc/arm-none-eabi/7.3.1/../../../../arm-none-eabi/lib/thumb/v7-m\libm.a
END GROUP
START GROUP
LOAD c:/st/stm32cubeide_1.4.0/stm32cubeide/plugins/com.st.stm32cube.ide.mcu.externaltools.gnu-tools-for-stm32.7-2018-q2-update.win32_1.4.0.202007081208/tools/bin/../lib/gcc/arm-none-eabi/7.3.1/thumb/v7-m\libgcc.a
LOAD c:/st/stm32cubeide_1.4.0/stm32cubeide/plugins/com.st.stm32cube.ide.mcu.externaltools.gnu-tools-for-stm32.7-2018-q2-update.win32_1.4.0.202007081208/tools/bin/../lib/gcc/arm-none-eabi/7.3.1/../../../../arm-none-eabi/lib/thumb/v7-m\libc_nano.a
END GROUP
START GROUP
LOAD c:/st/stm32cubeide_1.4.0/stm32cubeide/plugins/com.st.stm32cube.ide.mcu.externaltools.gnu-tools-for-stm32.7-2018-q2-update.win32_1.4.0.202007081208/tools/bin/../lib/gcc/arm-none-eabi/7.3.1/thumb/v7-m\libgcc.a
LOAD c:/st/stm32cubeide_1.4.0/stm32cubeide/plugins/com.st.stm32cube.ide.mcu.externaltools.gnu-tools-for-stm32.7-2018-q2-update.win32_1.4.0.202007081208/tools/bin/../lib/gcc/arm-none-eabi/7.3.1/../../../../arm-none-eabi/lib/thumb/v7-m\libc_nano.a
LOAD c:/st/stm32cubeide_1.4.0/stm32cubeide/plugins/com.st.stm32cube.ide.mcu.externaltools.gnu-tools-for-stm32.7-2018-q2-update.win32_1.4.0.202007081208/tools/bin/../lib/gcc/arm-none-eabi/7.3.1/../../../../arm-none-eabi/lib/thumb/v7-m\libnosys.a
END GROUP
START GROUP
LOAD c:/st/stm32cubeide_1.4.0/stm32cubeide/plugins/com.st.stm32cube.ide.mcu.externaltools.gnu-tools-for-stm32.7-2018-q2-update.win32_1.4.0.202007081208/tools/bin/../lib/gcc/arm-none-eabi/7.3.1/thumb/v7-m\libgcc.a
LOAD c:/st/stm32cubeide_1.4.0/stm32cubeide/plugins/com.st.stm32cube.ide.mcu.externaltools.gnu-tools-for-stm32.7-2018-q2-update.win32_1.4.0.202007081208/tools/bin/../lib/gcc/arm-none-eabi/7.3.1/../../../../arm-none-eabi/lib/thumb/v7-m\libc_nano.a
LOAD c:/st/stm32cubeide_1.4.0/stm32cubeide/plugins/com.st.stm32cube.ide.mcu.externaltools.gnu-tools-for-stm32.7-2018-q2-update.win32_1.4.0.202007081208/tools/bin/../lib/gcc/arm-none-eabi/7.3.1/../../../../arm-none-eabi/lib/thumb/v7-m\libnosys.a
END GROUP
LOAD c:/st/stm32cubeide_1.4.0/stm32cubeide/plugins/com.st.stm32cube.ide.mcu.externaltools.gnu-tools-for-stm32.7-2018-q2-update.win32_1.4.0.202007081208/tools/bin/../lib/gcc/arm-none-eabi/7.3.1/thumb/v7-m/crtend.o
LOAD c:/st/stm32cubeide_1.4.0/stm32cubeide/plugins/com.st.stm32cube.ide.mcu.externaltools.gnu-tools-for-stm32.7-2018-q2-update.win32_1.4.0.202007081208/tools/bin/../lib/gcc/arm-none-eabi/7.3.1/thumb/v7-m/crtn.o
                0x0000000020005000                _estack = (ORIGIN (RAM) + LENGTH (RAM))
                0x0000000000000200                _Min_Heap_Size = 0x200
                0x0000000000000400                _Min_Stack_Size = 0x400

.isr_vector     0x0000000008000000      0x10c
                0x0000000008000000                . = ALIGN (0x4)
 *(.isr_vector)
 .isr_vector    0x0000000008000000      0x10c Core/Startup/startup_stm32f103c8tx.o
                0x0000000008000000                g_pfnVectors
                0x000000000800010c                . = ALIGN (0x4)

.text           0x0000000008000110     0x8270
                0x0000000008000110                . = ALIGN (0x4)
 *(.text)
 .text          0x0000000008000110       0x40 c:/st/stm32cubeide_1.4.0/stm32cubeide/plugins/com.st.stm32cube.ide.mcu.externaltools.gnu-tools-for-stm32.7-2018-q2-update.win32_1.4.0.202007081208/tools/bin/../lib/gcc/arm-none-eabi/7.3.1/thumb/v7-m/crtbegin.o
 *(.text*)
 .text.main     0x0000000008000150       0xa0 Core/Src/main.o
                0x0000000008000150                main
 .text.SystemClock_Config
                0x00000000080001f0       0xb6 Core/Src/main.o
                0x00000000080001f0                SystemClock_Config
 *fill*         0x00000000080002a6        0x2 
 .text.MX_GPIO_Init
                0x00000000080002a8       0x98 Core/Src/main.o
 .text.StartDefaultTask
                0x0000000008000340       0x14 Core/Src/main.o
                0x0000000008000340                StartDefaultTask
 .text.HAL_TIM_PeriodElapsedCallback
                0x0000000008000354       0x24 Core/Src/main.o
                0x0000000008000354                HAL_TIM_PeriodElapsedCallback
 .text.Error_Handler
                0x0000000008000378        0xc Core/Src/main.o
                0x0000000008000378                Error_Handler
 .text.HAL_MspInit
                0x0000000008000384       0x64 Core/Src/stm32f1xx_hal_msp.o
                0x0000000008000384                HAL_MspInit
 .text.HAL_InitTick
                0x00000000080003e8       0xac Core/Src/stm32f1xx_hal_timebase_tim.o
                0x00000000080003e8                HAL_InitTick
 .text.NMI_Handler
                0x0000000008000494        0xc Core/Src/stm32f1xx_it.o
                0x0000000008000494                NMI_Handler
 .text.HardFault_Handler
                0x00000000080004a0        0x6 Core/Src/stm32f1xx_it.o
                0x00000000080004a0                HardFault_Handler
 .text.MemManage_Handler
                0x00000000080004a6        0x6 Core/Src/stm32f1xx_it.o
                0x00000000080004a6                MemManage_Handler
 .text.BusFault_Handler
                0x00000000080004ac        0x6 Core/Src/stm32f1xx_it.o
                0x00000000080004ac                BusFault_Handler
 .text.UsageFault_Handler
                0x00000000080004b2        0x6 Core/Src/stm32f1xx_it.o
                0x00000000080004b2                UsageFault_Handler
 .text.DebugMon_Handler
                0x00000000080004b8        0xc Core/Src/stm32f1xx_it.o
                0x00000000080004b8                DebugMon_Handler
 .text.USB_LP_CAN1_RX0_IRQHandler
                0x00000000080004c4       0x14 Core/Src/stm32f1xx_it.o
                0x00000000080004c4                USB_LP_CAN1_RX0_IRQHandler
 .text.TIM1_UP_IRQHandler
                0x00000000080004d8       0x14 Core/Src/stm32f1xx_it.o
                0x00000000080004d8                TIM1_UP_IRQHandler
 .text.SystemInit
                0x00000000080004ec       0x68 Core/Src/system_stm32f1xx.o
                0x00000000080004ec                SystemInit
 .text.Reset_Handler
                0x0000000008000554       0x48 Core/Startup/startup_stm32f103c8tx.o
                0x0000000008000554                Reset_Handler
 .text.Default_Handler
                0x000000000800059c        0x2 Core/Startup/startup_stm32f103c8tx.o
                0x000000000800059c                RTC_Alarm_IRQHandler
                0x000000000800059c                EXTI2_IRQHandler
                0x000000000800059c                TIM1_CC_IRQHandler
                0x000000000800059c                PVD_IRQHandler
                0x000000000800059c                EXTI3_IRQHandler
                0x000000000800059c                EXTI0_IRQHandler
                0x000000000800059c                I2C2_EV_IRQHandler
                0x000000000800059c                ADC1_2_IRQHandler
                0x000000000800059c                SPI1_IRQHandler
                0x000000000800059c                TAMPER_IRQHandler
                0x000000000800059c                DMA1_Channel4_IRQHandler
                0x000000000800059c                USART3_IRQHandler
                0x000000000800059c                RTC_IRQHandler
                0x000000000800059c                DMA1_Channel7_IRQHandler
                0x000000000800059c                CAN1_RX1_IRQHandler
                0x000000000800059c                TIM4_IRQHandler
                0x000000000800059c                I2C1_EV_IRQHandler
                0x000000000800059c                DMA1_Channel6_IRQHandler
                0x000000000800059c                TIM3_IRQHandler
                0x000000000800059c                RCC_IRQHandler
                0x000000000800059c                TIM1_TRG_COM_IRQHandler
                0x000000000800059c                DMA1_Channel1_IRQHandler
                0x000000000800059c                Default_Handler
                0x000000000800059c                EXTI15_10_IRQHandler
                0x000000000800059c                EXTI9_5_IRQHandler
                0x000000000800059c                SPI2_IRQHandler
                0x000000000800059c                DMA1_Channel5_IRQHandler
                0x000000000800059c                EXTI4_IRQHandler
                0x000000000800059c                USB_HP_CAN1_TX_IRQHandler
                0x000000000800059c                DMA1_Channel3_IRQHandler
                0x000000000800059c                WWDG_IRQHandler
                0x000000000800059c                TIM2_IRQHandler
                0x000000000800059c                TIM1_BRK_IRQHandler
                0x000000000800059c                EXTI1_IRQHandler
                0x000000000800059c                USART2_IRQHandler
                0x000000000800059c                I2C2_ER_IRQHandler
                0x000000000800059c                DMA1_Channel2_IRQHandler
                0x000000000800059c                CAN1_SCE_IRQHandler
                0x000000000800059c                FLASH_IRQHandler
                0x000000000800059c                USART1_IRQHandler
                0x000000000800059c                I2C1_ER_IRQHandler
                0x000000000800059c                USBWakeUp_IRQHandler
 *fill*         0x000000000800059e        0x2 
 .text.HAL_Init
                0x00000000080005a0       0x2c Drivers/STM32F1xx_HAL_Driver/Src/stm32f1xx_hal.o
                0x00000000080005a0                HAL_Init
 .text.HAL_IncTick
                0x00000000080005cc       0x24 Drivers/STM32F1xx_HAL_Driver/Src/stm32f1xx_hal.o
                0x00000000080005cc                HAL_IncTick
 .text.HAL_GetTick
                0x00000000080005f0       0x14 Drivers/STM32F1xx_HAL_Driver/Src/stm32f1xx_hal.o
                0x00000000080005f0                HAL_GetTick
 .text.HAL_Delay
                0x0000000008000604       0x44 Drivers/STM32F1xx_HAL_Driver/Src/stm32f1xx_hal.o
                0x0000000008000604                HAL_Delay
 .text.__NVIC_SetPriorityGrouping
                0x0000000008000648       0x48 Drivers/STM32F1xx_HAL_Driver/Src/stm32f1xx_hal_cortex.o
 .text.__NVIC_GetPriorityGrouping
                0x0000000008000690       0x1c Drivers/STM32F1xx_HAL_Driver/Src/stm32f1xx_hal_cortex.o
 .text.__NVIC_EnableIRQ
                0x00000000080006ac       0x38 Drivers/STM32F1xx_HAL_Driver/Src/stm32f1xx_hal_cortex.o
 .text.__NVIC_SetPriority
                0x00000000080006e4       0x54 Drivers/STM32F1xx_HAL_Driver/Src/stm32f1xx_hal_cortex.o
 .text.NVIC_EncodePriority
                0x0000000008000738       0x64 Drivers/STM32F1xx_HAL_Driver/Src/stm32f1xx_hal_cortex.o
 .text.HAL_NVIC_SetPriorityGrouping
                0x000000000800079c       0x16 Drivers/STM32F1xx_HAL_Driver/Src/stm32f1xx_hal_cortex.o
                0x000000000800079c                HAL_NVIC_SetPriorityGrouping
 .text.HAL_NVIC_SetPriority
                0x00000000080007b2       0x38 Drivers/STM32F1xx_HAL_Driver/Src/stm32f1xx_hal_cortex.o
                0x00000000080007b2                HAL_NVIC_SetPriority
 .text.HAL_NVIC_EnableIRQ
                0x00000000080007ea       0x1c Drivers/STM32F1xx_HAL_Driver/Src/stm32f1xx_hal_cortex.o
                0x00000000080007ea                HAL_NVIC_EnableIRQ
 *fill*         0x0000000008000806        0x2 
 .text.HAL_GPIO_Init
                0x0000000008000808      0x2b4 Drivers/STM32F1xx_HAL_Driver/Src/stm32f1xx_hal_gpio.o
                0x0000000008000808                HAL_GPIO_Init
 .text.HAL_GPIO_WritePin
                0x0000000008000abc       0x30 Drivers/STM32F1xx_HAL_Driver/Src/stm32f1xx_hal_gpio.o
                0x0000000008000abc                HAL_GPIO_WritePin
 .text.HAL_PCD_Init
                0x0000000008000aec      0x1c2 Drivers/STM32F1xx_HAL_Driver/Src/stm32f1xx_hal_pcd.o
                0x0000000008000aec                HAL_PCD_Init
 .text.HAL_PCD_Start
                0x0000000008000cae       0x4c Drivers/STM32F1xx_HAL_Driver/Src/stm32f1xx_hal_pcd.o
                0x0000000008000cae                HAL_PCD_Start
 .text.HAL_PCD_IRQHandler
                0x0000000008000cfa      0x21c Drivers/STM32F1xx_HAL_Driver/Src/stm32f1xx_hal_pcd.o
                0x0000000008000cfa                HAL_PCD_IRQHandler
 .text.HAL_PCD_SetAddress
                0x0000000008000f16       0x4a Drivers/STM32F1xx_HAL_Driver/Src/stm32f1xx_hal_pcd.o
                0x0000000008000f16                HAL_PCD_SetAddress
 .text.HAL_PCD_EP_Open
                0x0000000008000f60       0xc0 Drivers/STM32F1xx_HAL_Driver/Src/stm32f1xx_hal_pcd.o
                0x0000000008000f60                HAL_PCD_EP_Open
 .text.HAL_PCD_EP_Close
                0x0000000008001020       0x84 Drivers/STM32F1xx_HAL_Driver/Src/stm32f1xx_hal_pcd.o
                0x0000000008001020                HAL_PCD_EP_Close
 .text.HAL_PCD_EP_Receive
                0x00000000080010a4       0x74 Drivers/STM32F1xx_HAL_Driver/Src/stm32f1xx_hal_pcd.o
                0x00000000080010a4                HAL_PCD_EP_Receive
 .text.HAL_PCD_EP_Transmit
                0x0000000008001118       0x72 Drivers/STM32F1xx_HAL_Driver/Src/stm32f1xx_hal_pcd.o
                0x0000000008001118                HAL_PCD_EP_Transmit
 .text.HAL_PCD_EP_SetStall
                0x000000000800118a       0xb4 Drivers/STM32F1xx_HAL_Driver/Src/stm32f1xx_hal_pcd.o
                0x000000000800118a                HAL_PCD_EP_SetStall
 .text.HAL_PCD_EP_ClrStall
                0x000000000800123e       0x9c Drivers/STM32F1xx_HAL_Driver/Src/stm32f1xx_hal_pcd.o
                0x000000000800123e                HAL_PCD_EP_ClrStall
 *fill*         0x00000000080012da        0x2 
 .text.PCD_EP_ISR_Handler
                0x00000000080012dc      0x534 Drivers/STM32F1xx_HAL_Driver/Src/stm32f1xx_hal_pcd.o
 .text.HAL_PCDEx_PMAConfig
                0x0000000008001810       0x78 Drivers/STM32F1xx_HAL_Driver/Src/stm32f1xx_hal_pcd_ex.o
                0x0000000008001810                HAL_PCDEx_PMAConfig
 .text.HAL_RCC_OscConfig
                0x0000000008001888      0x500 Drivers/STM32F1xx_HAL_Driver/Src/stm32f1xx_hal_rcc.o
                0x0000000008001888                HAL_RCC_OscConfig
 .text.HAL_RCC_ClockConfig
                0x0000000008001d88      0x1d4 Drivers/STM32F1xx_HAL_Driver/Src/stm32f1xx_hal_rcc.o
                0x0000000008001d88                HAL_RCC_ClockConfig
 .text.HAL_RCC_GetSysClockFreq
                0x0000000008001f5c       0xc4 Drivers/STM32F1xx_HAL_Driver/Src/stm32f1xx_hal_rcc.o
                0x0000000008001f5c                HAL_RCC_GetSysClockFreq
 .text.HAL_RCC_GetHCLKFreq
                0x0000000008002020       0x14 Drivers/STM32F1xx_HAL_Driver/Src/stm32f1xx_hal_rcc.o
                0x0000000008002020                HAL_RCC_GetHCLKFreq
 .text.HAL_RCC_GetPCLK2Freq
                0x0000000008002034       0x28 Drivers/STM32F1xx_HAL_Driver/Src/stm32f1xx_hal_rcc.o
                0x0000000008002034                HAL_RCC_GetPCLK2Freq
 .text.HAL_RCC_GetClockConfig
                0x000000000800205c       0x60 Drivers/STM32F1xx_HAL_Driver/Src/stm32f1xx_hal_rcc.o
                0x000000000800205c                HAL_RCC_GetClockConfig
 .text.RCC_Delay
                0x00000000080020bc       0x3c Drivers/STM32F1xx_HAL_Driver/Src/stm32f1xx_hal_rcc.o
 .text.HAL_RCCEx_PeriphCLKConfig
                0x00000000080020f8      0x16c Drivers/STM32F1xx_HAL_Driver/Src/stm32f1xx_hal_rcc_ex.o
                0x00000000080020f8                HAL_RCCEx_PeriphCLKConfig
 .text.HAL_TIM_Base_Init
                0x0000000008002264       0x56 Drivers/STM32F1xx_HAL_Driver/Src/stm32f1xx_hal_tim.o
                0x0000000008002264                HAL_TIM_Base_Init
 .text.HAL_TIM_Base_MspInit
                0x00000000080022ba       0x12 Drivers/STM32F1xx_HAL_Driver/Src/stm32f1xx_hal_tim.o
                0x00000000080022ba                HAL_TIM_Base_MspInit
 .text.HAL_TIM_Base_Start_IT
                0x00000000080022cc       0x46 Drivers/STM32F1xx_HAL_Driver/Src/stm32f1xx_hal_tim.o
                0x00000000080022cc                HAL_TIM_Base_Start_IT
 .text.HAL_TIM_IRQHandler
                0x0000000008002312      0x210 Drivers/STM32F1xx_HAL_Driver/Src/stm32f1xx_hal_tim.o
                0x0000000008002312                HAL_TIM_IRQHandler
 .text.HAL_TIM_OC_DelayElapsedCallback
                0x0000000008002522       0x12 Drivers/STM32F1xx_HAL_Driver/Src/stm32f1xx_hal_tim.o
                0x0000000008002522                HAL_TIM_OC_DelayElapsedCallback
 .text.HAL_TIM_IC_CaptureCallback
                0x0000000008002534       0x12 Drivers/STM32F1xx_HAL_Driver/Src/stm32f1xx_hal_tim.o
                0x0000000008002534                HAL_TIM_IC_CaptureCallback
 .text.HAL_TIM_PWM_PulseFinishedCallback
                0x0000000008002546       0x12 Drivers/STM32F1xx_HAL_Driver/Src/stm32f1xx_hal_tim.o
                0x0000000008002546                HAL_TIM_PWM_PulseFinishedCallback
 .text.HAL_TIM_TriggerCallback
                0x0000000008002558       0x12 Drivers/STM32F1xx_HAL_Driver/Src/stm32f1xx_hal_tim.o
                0x0000000008002558                HAL_TIM_TriggerCallback
 *fill*         0x000000000800256a        0x2 
 .text.TIM_Base_SetConfig
                0x000000000800256c       0xc4 Drivers/STM32F1xx_HAL_Driver/Src/stm32f1xx_hal_tim.o
                0x000000000800256c                TIM_Base_SetConfig
 .text.HAL_TIMEx_CommutCallback
                0x0000000008002630       0x12 Drivers/STM32F1xx_HAL_Driver/Src/stm32f1xx_hal_tim_ex.o
                0x0000000008002630                HAL_TIMEx_CommutCallback
 .text.HAL_TIMEx_BreakCallback
                0x0000000008002642       0x12 Drivers/STM32F1xx_HAL_Driver/Src/stm32f1xx_hal_tim_ex.o
                0x0000000008002642                HAL_TIMEx_BreakCallback
 .text.USB_CoreInit
                0x0000000008002654       0x20 Drivers/STM32F1xx_HAL_Driver/Src/stm32f1xx_ll_usb.o
                0x0000000008002654                USB_CoreInit
 .text.USB_EnableGlobalInt
                0x0000000008002674       0x2e Drivers/STM32F1xx_HAL_Driver/Src/stm32f1xx_ll_usb.o
                0x0000000008002674                USB_EnableGlobalInt
 .text.USB_DisableGlobalInt
                0x00000000080026a2       0x38 Drivers/STM32F1xx_HAL_Driver/Src/stm32f1xx_ll_usb.o
                0x00000000080026a2                USB_DisableGlobalInt
 .text.USB_SetCurrentMode
                0x00000000080026da       0x18 Drivers/STM32F1xx_HAL_Driver/Src/stm32f1xx_ll_usb.o
                0x00000000080026da                USB_SetCurrentMode
 .text.USB_DevInit
                0x00000000080026f2       0x48 Drivers/STM32F1xx_HAL_Driver/Src/stm32f1xx_ll_usb.o
                0x00000000080026f2                USB_DevInit
 *fill*         0x000000000800273a        0x2 
 .text.USB_ActivateEndpoint
                0x000000000800273c      0x5dc Drivers/STM32F1xx_HAL_Driver/Src/stm32f1xx_ll_usb.o
                0x000000000800273c                USB_ActivateEndpoint
 .text.USB_DeactivateEndpoint
                0x0000000008002d18      0x32c Drivers/STM32F1xx_HAL_Driver/Src/stm32f1xx_ll_usb.o
                0x0000000008002d18                USB_DeactivateEndpoint
 .text.USB_EPStartXfer
                0x0000000008003044      0x570 Drivers/STM32F1xx_HAL_Driver/Src/stm32f1xx_ll_usb.o
                0x0000000008003044                USB_EPStartXfer
 .text.USB_EPSetStall
                0x00000000080035b4       0x84 Drivers/STM32F1xx_HAL_Driver/Src/stm32f1xx_ll_usb.o
                0x00000000080035b4                USB_EPSetStall
 .text.USB_EPClearStall
                0x0000000008003638      0x128 Drivers/STM32F1xx_HAL_Driver/Src/stm32f1xx_ll_usb.o
                0x0000000008003638                USB_EPClearStall
 .text.USB_SetDevAddress
                0x0000000008003760       0x26 Drivers/STM32F1xx_HAL_Driver/Src/stm32f1xx_ll_usb.o
                0x0000000008003760                USB_SetDevAddress
 .text.USB_DevConnect
                0x0000000008003786       0x14 Drivers/STM32F1xx_HAL_Driver/Src/stm32f1xx_ll_usb.o
                0x0000000008003786                USB_DevConnect
 .text.USB_DevDisconnect
                0x000000000800379a       0x14 Drivers/STM32F1xx_HAL_Driver/Src/stm32f1xx_ll_usb.o
                0x000000000800379a                USB_DevDisconnect
 .text.USB_ReadInterrupts
                0x00000000080037ae       0x1e Drivers/STM32F1xx_HAL_Driver/Src/stm32f1xx_ll_usb.o
                0x00000000080037ae                USB_ReadInterrupts
 .text.USB_EP0_OutStart
                0x00000000080037cc       0x16 Drivers/STM32F1xx_HAL_Driver/Src/stm32f1xx_ll_usb.o
                0x00000000080037cc                USB_EP0_OutStart
 .text.USB_WritePMA
                0x00000000080037e2       0x88 Drivers/STM32F1xx_HAL_Driver/Src/stm32f1xx_ll_usb.o
                0x00000000080037e2                USB_WritePMA
 .text.USB_ReadPMA
                0x000000000800386a       0x9e Drivers/STM32F1xx_HAL_Driver/Src/stm32f1xx_ll_usb.o
                0x000000000800386a                USB_ReadPMA
 .text.USBD_COMPOSITE_Init
                0x0000000008003908       0x46 Middlewares/ST/STM32_USB_Device_Library/Class/Composite/Src/usbd_composite.o
 .text.USBD_COMPOSITE_DeInit
                0x000000000800394e       0x46 Middlewares/ST/STM32_USB_Device_Library/Class/Composite/Src/usbd_composite.o
 .text.USBD_COMPOSITE_Setup
                0x0000000008003994       0x54 Middlewares/ST/STM32_USB_Device_Library/Class/Composite/Src/usbd_composite.o
 .text.USBD_COMPOSITE_GetFSCfgDesc
                0x00000000080039e8       0x20 Middlewares/ST/STM32_USB_Device_Library/Class/Composite/Src/usbd_composite.o
 .text.USBD_COMPOSITE_GetHSCfgDesc
                0x0000000008003a08       0x20 Middlewares/ST/STM32_USB_Device_Library/Class/Composite/Src/usbd_composite.o
 .text.USBD_COMPOSITE_GetOtherSpeedCfgDesc
                0x0000000008003a28       0x20 Middlewares/ST/STM32_USB_Device_Library/Class/Composite/Src/usbd_composite.o
 .text.USBD_COMPOSITE_DataIn
                0x0000000008003a48       0x34 Middlewares/ST/STM32_USB_Device_Library/Class/Composite/Src/usbd_composite.o
 .text.USBD_COMPOSITE_DataOut
                0x0000000008003a7c       0x2a Middlewares/ST/STM32_USB_Device_Library/Class/Composite/Src/usbd_composite.o
 .text.USBD_COMPOSITE_EP0_RxReady
                0x0000000008003aa6       0x18 Middlewares/ST/STM32_USB_Device_Library/Class/Composite/Src/usbd_composite.o
 *fill*         0x0000000008003abe        0x2 
 .text.USBD_COMPOSITE_GetDeviceQualifierDesc
                0x0000000008003ac0       0x20 Middlewares/ST/STM32_USB_Device_Library/Class/Composite/Src/usbd_composite.o
 .text.USBD_CUSTOM_HID_Init
                0x0000000008003ae0       0x80 Middlewares/ST/STM32_USB_Device_Library/Class/CustomHID/Src/usbd_customhid.o
                0x0000000008003ae0                USBD_CUSTOM_HID_Init
 .text.USBD_CUSTOM_HID_DeInit
                0x0000000008003b60       0x50 Middlewares/ST/STM32_USB_Device_Library/Class/CustomHID/Src/usbd_customhid.o
                0x0000000008003b60                USBD_CUSTOM_HID_DeInit
 .text.USBD_CUSTOM_HID_Setup
                0x0000000008003bb0      0x200 Middlewares/ST/STM32_USB_Device_Library/Class/CustomHID/Src/usbd_customhid.o
                0x0000000008003bb0                USBD_CUSTOM_HID_Setup
 .text.USBD_CUSTOM_HID_DataIn
                0x0000000008003db0       0x22 Middlewares/ST/STM32_USB_Device_Library/Class/CustomHID/Src/usbd_customhid.o
                0x0000000008003db0                USBD_CUSTOM_HID_DataIn
 .text.USBD_CUSTOM_HID_DataOut
                0x0000000008003dd2       0x3e Middlewares/ST/STM32_USB_Device_Library/Class/CustomHID/Src/usbd_customhid.o
                0x0000000008003dd2                USBD_CUSTOM_HID_DataOut
 .text.USBD_CUSTOM_HID_EP0_RxReady
                0x0000000008003e10       0x3c Middlewares/ST/STM32_USB_Device_Library/Class/CustomHID/Src/usbd_customhid.o
                0x0000000008003e10                USBD_CUSTOM_HID_EP0_RxReady
 .text.USBD_CUSTOM_HID_RegisterInterface
                0x0000000008003e4c       0x2c Middlewares/ST/STM32_USB_Device_Library/Class/CustomHID/Src/usbd_customhid.o
                0x0000000008003e4c                USBD_CUSTOM_HID_RegisterInterface
 .text.USBD_MOUSE_Init
                0x0000000008003e78       0x4c Middlewares/ST/STM32_USB_Device_Library/Class/Mouse/Src/usbd_mouse.o
                0x0000000008003e78                USBD_MOUSE_Init
 .text.USBD_MOUSE_DeInit
                0x0000000008003ec4       0x36 Middlewares/ST/STM32_USB_Device_Library/Class/Mouse/Src/usbd_mouse.o
                0x0000000008003ec4                USBD_MOUSE_DeInit
 *fill*         0x0000000008003efa        0x2 
 .text.USBD_MOUSE_Setup
                0x0000000008003efc      0x1fc Middlewares/ST/STM32_USB_Device_Library/Class/Mouse/Src/usbd_mouse.o
                0x0000000008003efc                USBD_MOUSE_Setup
 .text.USBD_MOUSE_DataIn
                0x00000000080040f8       0x22 Middlewares/ST/STM32_USB_Device_Library/Class/Mouse/Src/usbd_mouse.o
                0x00000000080040f8                USBD_MOUSE_DataIn
 .text.USBD_Init
                0x000000000800411a       0x56 Middlewares/ST/STM32_USB_Device_Library/Core/Src/usbd_core.o
                0x000000000800411a                USBD_Init
 .text.USBD_RegisterClass
                0x0000000008004170       0x32 Middlewares/ST/STM32_USB_Device_Library/Core/Src/usbd_core.o
                0x0000000008004170                USBD_RegisterClass
 .text.USBD_Start
                0x00000000080041a2       0x18 Middlewares/ST/STM32_USB_Device_Library/Core/Src/usbd_core.o
                0x00000000080041a2                USBD_Start
 .text.USBD_RunTestMode
                0x00000000080041ba       0x14 Middlewares/ST/STM32_USB_Device_Library/Core/Src/usbd_core.o
                0x00000000080041ba                USBD_RunTestMode
 .text.USBD_SetClassConfig
                0x00000000080041ce       0x3e Middlewares/ST/STM32_USB_Device_Library/Core/Src/usbd_core.o
                0x00000000080041ce                USBD_SetClassConfig
 .text.USBD_ClrClassConfig
                0x000000000800420c       0x26 Middlewares/ST/STM32_USB_Device_Library/Core/Src/usbd_core.o
                0x000000000800420c                USBD_ClrClassConfig
 .text.USBD_LL_SetupStage
                0x0000000008004232       0x96 Middlewares/ST/STM32_USB_Device_Library/Core/Src/usbd_core.o
                0x0000000008004232                USBD_LL_SetupStage
 .text.USBD_LL_DataOutStage
                0x00000000080042c8       0xe2 Middlewares/ST/STM32_USB_Device_Library/Core/Src/usbd_core.o
                0x00000000080042c8                USBD_LL_DataOutStage
 .text.USBD_LL_DataInStage
                0x00000000080043aa      0x14a Middlewares/ST/STM32_USB_Device_Library/Core/Src/usbd_core.o
                0x00000000080043aa                USBD_LL_DataInStage
 .text.USBD_LL_Reset
                0x00000000080044f4       0x82 Middlewares/ST/STM32_USB_Device_Library/Core/Src/usbd_core.o
                0x00000000080044f4                USBD_LL_Reset
 .text.USBD_LL_SetSpeed
                0x0000000008004576       0x1e Middlewares/ST/STM32_USB_Device_Library/Core/Src/usbd_core.o
                0x0000000008004576                USBD_LL_SetSpeed
 .text.USBD_LL_Suspend
                0x0000000008004594       0x28 Middlewares/ST/STM32_USB_Device_Library/Core/Src/usbd_core.o
                0x0000000008004594                USBD_LL_Suspend
 .text.USBD_LL_Resume
                0x00000000080045bc       0x2a Middlewares/ST/STM32_USB_Device_Library/Core/Src/usbd_core.o
                0x00000000080045bc                USBD_LL_Resume
 .text.USBD_LL_SOF
                0x00000000080045e6       0x34 Middlewares/ST/STM32_USB_Device_Library/Core/Src/usbd_core.o
                0x00000000080045e6                USBD_LL_SOF
 *fill*         0x000000000800461a        0x2 
 .text.USBD_StdDevReq
                0x000000000800461c       0xd4 Middlewares/ST/STM32_USB_Device_Library/Core/Src/usbd_ctlreq.o
                0x000000000800461c                USBD_StdDevReq
 .text.USBD_StdItfReq
                0x00000000080046f0       0x8c Middlewares/ST/STM32_USB_Device_Library/Core/Src/usbd_ctlreq.o
                0x00000000080046f0                USBD_StdItfReq
 .text.USBD_StdEPReq
                0x000000000800477c      0x2ba Middlewares/ST/STM32_USB_Device_Library/Core/Src/usbd_ctlreq.o
                0x000000000800477c                USBD_StdEPReq
 *fill*         0x0000000008004a36        0x2 
 .text.USBD_GetDescriptor
                0x0000000008004a38      0x2d0 Middlewares/ST/STM32_USB_Device_Library/Core/Src/usbd_ctlreq.o
 .text.USBD_SetAddress
                0x0000000008004d08       0x84 Middlewares/ST/STM32_USB_Device_Library/Core/Src/usbd_ctlreq.o
 .text.USBD_SetConfig
                0x0000000008004d8c      0x11c Middlewares/ST/STM32_USB_Device_Library/Core/Src/usbd_ctlreq.o
 .text.USBD_GetConfig
                0x0000000008004ea8       0x68 Middlewares/ST/STM32_USB_Device_Library/Core/Src/usbd_ctlreq.o
 .text.USBD_GetStatus
                0x0000000008004f10       0x66 Middlewares/ST/STM32_USB_Device_Library/Core/Src/usbd_ctlreq.o
 .text.USBD_SetFeature
                0x0000000008004f76       0x28 Middlewares/ST/STM32_USB_Device_Library/Core/Src/usbd_ctlreq.o
 .text.USBD_ClrFeature
                0x0000000008004f9e       0x42 Middlewares/ST/STM32_USB_Device_Library/Core/Src/usbd_ctlreq.o
 .text.USBD_ParseSetupRequest
                0x0000000008004fe0       0x78 Middlewares/ST/STM32_USB_Device_Library/Core/Src/usbd_ctlreq.o
                0x0000000008004fe0                USBD_ParseSetupRequest
 .text.USBD_CtlError
                0x0000000008005058       0x22 Middlewares/ST/STM32_USB_Device_Library/Core/Src/usbd_ctlreq.o
                0x0000000008005058                USBD_CtlError
 .text.USBD_GetString
                0x000000000800507a       0x84 Middlewares/ST/STM32_USB_Device_Library/Core/Src/usbd_ctlreq.o
                0x000000000800507a                USBD_GetString
 .text.USBD_GetLen
                0x00000000080050fe       0x2e Middlewares/ST/STM32_USB_Device_Library/Core/Src/usbd_ctlreq.o
 .text.USBD_CtlSendData
                0x000000000800512c       0x38 Middlewares/ST/STM32_USB_Device_Library/Core/Src/usbd_ioreq.o
                0x000000000800512c                USBD_CtlSendData
 .text.USBD_CtlContinueSendData
                0x0000000008005164       0x24 Middlewares/ST/STM32_USB_Device_Library/Core/Src/usbd_ioreq.o
                0x0000000008005164                USBD_CtlContinueSendData
 .text.USBD_CtlPrepareRx
                0x0000000008005188       0x3c Middlewares/ST/STM32_USB_Device_Library/Core/Src/usbd_ioreq.o
                0x0000000008005188                USBD_CtlPrepareRx
 .text.USBD_CtlContinueRx
                0x00000000080051c4       0x24 Middlewares/ST/STM32_USB_Device_Library/Core/Src/usbd_ioreq.o
                0x00000000080051c4                USBD_CtlContinueRx
 .text.USBD_CtlSendStatus
                0x00000000080051e8       0x26 Middlewares/ST/STM32_USB_Device_Library/Core/Src/usbd_ioreq.o
                0x00000000080051e8                USBD_CtlSendStatus
 .text.USBD_CtlReceiveStatus
                0x000000000800520e       0x26 Middlewares/ST/STM32_USB_Device_Library/Core/Src/usbd_ioreq.o
                0x000000000800520e                USBD_CtlReceiveStatus
 .text.osKernelInitialize
                0x0000000008005234       0x64 Middlewares/Third_Party/FreeRTOS/Source/CMSIS_RTOS_V2/cmsis_os2.o
                0x0000000008005234                osKernelInitialize
 .text.osKernelStart
                0x0000000008005298       0x68 Middlewares/Third_Party/FreeRTOS/Source/CMSIS_RTOS_V2/cmsis_os2.o
                0x0000000008005298                osKernelStart
 .text.osThreadNew
                0x0000000008005300      0x154 Middlewares/Third_Party/FreeRTOS/Source/CMSIS_RTOS_V2/cmsis_os2.o
                0x0000000008005300                osThreadNew
 .text.osDelay  0x0000000008005454       0x5c Middlewares/Third_Party/FreeRTOS/Source/CMSIS_RTOS_V2/cmsis_os2.o
                0x0000000008005454                osDelay
 .text.vApplicationGetIdleTaskMemory
                0x00000000080054b0       0x30 Middlewares/Third_Party/FreeRTOS/Source/CMSIS_RTOS_V2/cmsis_os2.o
                0x00000000080054b0                vApplicationGetIdleTaskMemory
 .text.vApplicationGetTimerTaskMemory
                0x00000000080054e0       0x34 Middlewares/Third_Party/FreeRTOS/Source/CMSIS_RTOS_V2/cmsis_os2.o
                0x00000000080054e0                vApplicationGetTimerTaskMemory
 .text.vListInitialise
                0x0000000008005514       0x3e Middlewares/Third_Party/FreeRTOS/Source/list.o
                0x0000000008005514                vListInitialise
 .text.vListInitialiseItem
                0x0000000008005552       0x18 Middlewares/Third_Party/FreeRTOS/Source/list.o
                0x0000000008005552                vListInitialiseItem
 .text.vListInsertEnd
                0x000000000800556a       0x46 Middlewares/Third_Party/FreeRTOS/Source/list.o
                0x000000000800556a                vListInsertEnd
 .text.vListInsert
                0x00000000080055b0       0x70 Middlewares/Third_Party/FreeRTOS/Source/list.o
                0x00000000080055b0                vListInsert
 .text.uxListRemove
                0x0000000008005620       0x52 Middlewares/Third_Party/FreeRTOS/Source/list.o
                0x0000000008005620                uxListRemove
 *fill*         0x0000000008005672        0x2 
 .text.xQueueGenericReset
                0x0000000008005674       0xd0 Middlewares/Third_Party/FreeRTOS/Source/queue.o
                0x0000000008005674                xQueueGenericReset
 .text.xQueueGenericCreateStatic
                0x0000000008005744       0xe4 Middlewares/Third_Party/FreeRTOS/Source/queue.o
                0x0000000008005744                xQueueGenericCreateStatic
 .text.prvInitialiseNewQueue
                0x0000000008005828       0x46 Middlewares/Third_Party/FreeRTOS/Source/queue.o
 *fill*         0x000000000800586e        0x2 
 .text.xQueueGenericSend
                0x0000000008005870      0x1f4 Middlewares/Third_Party/FreeRTOS/Source/queue.o
                0x0000000008005870                xQueueGenericSend
 .text.xQueueGenericSendFromISR
                0x0000000008005a64      0x128 Middlewares/Third_Party/FreeRTOS/Source/queue.o
                0x0000000008005a64                xQueueGenericSendFromISR
 .text.xQueueReceive
                0x0000000008005b8c      0x1b8 Middlewares/Third_Party/FreeRTOS/Source/queue.o
                0x0000000008005b8c                xQueueReceive
 .text.prvCopyDataToQueue
                0x0000000008005d44       0xd4 Middlewares/Third_Party/FreeRTOS/Source/queue.o
 .text.prvCopyDataFromQueue
                0x0000000008005e18       0x4c Middlewares/Third_Party/FreeRTOS/Source/queue.o
 .text.prvUnlockQueue
                0x0000000008005e64       0xa4 Middlewares/Third_Party/FreeRTOS/Source/queue.o
 .text.prvIsQueueEmpty
                0x0000000008005f08       0x2c Middlewares/Third_Party/FreeRTOS/Source/queue.o
 .text.prvIsQueueFull
                0x0000000008005f34       0x30 Middlewares/Third_Party/FreeRTOS/Source/queue.o
 .text.vQueueAddToRegistry
                0x0000000008005f64       0x50 Middlewares/Third_Party/FreeRTOS/Source/queue.o
                0x0000000008005f64                vQueueAddToRegistry
 .text.vQueueWaitForMessageRestricted
                0x0000000008005fb4       0x68 Middlewares/Third_Party/FreeRTOS/Source/queue.o
                0x0000000008005fb4                vQueueWaitForMessageRestricted
 .text.xTaskCreateStatic
                0x000000000800601c       0xb2 Middlewares/Third_Party/FreeRTOS/Source/tasks.o
                0x000000000800601c                xTaskCreateStatic
 .text.xTaskCreate
                0x00000000080060ce       0x8a Middlewares/Third_Party/FreeRTOS/Source/tasks.o
                0x00000000080060ce                xTaskCreate
 .text.prvInitialiseNewTask
                0x0000000008006158      0x10c Middlewares/Third_Party/FreeRTOS/Source/tasks.o
 .text.prvAddNewTaskToReadyList
                0x0000000008006264       0xe0 Middlewares/Third_Party/FreeRTOS/Source/tasks.o
 .text.vTaskDelay
                0x0000000008006344       0x68 Middlewares/Third_Party/FreeRTOS/Source/tasks.o
                0x0000000008006344                vTaskDelay
 .text.vTaskStartScheduler
                0x00000000080063ac       0xc8 Middlewares/Third_Party/FreeRTOS/Source/tasks.o
                0x00000000080063ac                vTaskStartScheduler
 .text.vTaskSuspendAll
                0x0000000008006474       0x1c Middlewares/Third_Party/FreeRTOS/Source/tasks.o
                0x0000000008006474                vTaskSuspendAll
 .text.xTaskResumeAll
                0x0000000008006490      0x138 Middlewares/Third_Party/FreeRTOS/Source/tasks.o
                0x0000000008006490                xTaskResumeAll
 .text.xTaskGetTickCount
                0x00000000080065c8       0x1c Middlewares/Third_Party/FreeRTOS/Source/tasks.o
                0x00000000080065c8                xTaskGetTickCount
 .text.xTaskIncrementTick
                0x00000000080065e4      0x17c Middlewares/Third_Party/FreeRTOS/Source/tasks.o
                0x00000000080065e4                xTaskIncrementTick
 .text.vTaskSwitchContext
                0x0000000008006760       0xb8 Middlewares/Third_Party/FreeRTOS/Source/tasks.o
                0x0000000008006760                vTaskSwitchContext
 .text.vTaskPlaceOnEventList
                0x0000000008006818       0x48 Middlewares/Third_Party/FreeRTOS/Source/tasks.o
                0x0000000008006818                vTaskPlaceOnEventList
 .text.vTaskPlaceOnEventListRestricted
                0x0000000008006860       0x54 Middlewares/Third_Party/FreeRTOS/Source/tasks.o
                0x0000000008006860                vTaskPlaceOnEventListRestricted
 .text.xTaskRemoveFromEventList
                0x00000000080068b4       0xc4 Middlewares/Third_Party/FreeRTOS/Source/tasks.o
                0x00000000080068b4                xTaskRemoveFromEventList
 .text.vTaskInternalSetTimeOutState
                0x0000000008006978       0x2c Middlewares/Third_Party/FreeRTOS/Source/tasks.o
                0x0000000008006978                vTaskInternalSetTimeOutState
 .text.xTaskCheckForTimeOut
                0x00000000080069a4       0xc0 Middlewares/Third_Party/FreeRTOS/Source/tasks.o
                0x00000000080069a4                xTaskCheckForTimeOut
 .text.vTaskMissedYield
                0x0000000008006a64       0x18 Middlewares/Third_Party/FreeRTOS/Source/tasks.o
                0x0000000008006a64                vTaskMissedYield
 .text.prvIdleTask
                0x0000000008006a7c       0x30 Middlewares/Third_Party/FreeRTOS/Source/tasks.o
 .text.prvInitialiseTaskLists
                0x0000000008006aac       0x80 Middlewares/Third_Party/FreeRTOS/Source/tasks.o
 .text.prvCheckTasksWaitingTermination
                0x0000000008006b2c       0x58 Middlewares/Third_Party/FreeRTOS/Source/tasks.o
 .text.prvDeleteTCB
                0x0000000008006b84       0x5c Middlewares/Third_Party/FreeRTOS/Source/tasks.o
 .text.prvResetNextTaskUnblockTime
                0x0000000008006be0       0x48 Middlewares/Third_Party/FreeRTOS/Source/tasks.o
 .text.xTaskGetSchedulerState
                0x0000000008006c28       0x3c Middlewares/Third_Party/FreeRTOS/Source/tasks.o
                0x0000000008006c28                xTaskGetSchedulerState
 .text.xTaskPriorityDisinherit
                0x0000000008006c64       0xd8 Middlewares/Third_Party/FreeRTOS/Source/tasks.o
                0x0000000008006c64                xTaskPriorityDisinherit
 .text.prvAddCurrentTaskToDelayedList
                0x0000000008006d3c       0xa8 Middlewares/Third_Party/FreeRTOS/Source/tasks.o
 .text.xTimerCreateTimerTask
                0x0000000008006de4       0x90 Middlewares/Third_Party/FreeRTOS/Source/timers.o
                0x0000000008006de4                xTimerCreateTimerTask
 .text.xTimerGenericCommand
                0x0000000008006e74       0x98 Middlewares/Third_Party/FreeRTOS/Source/timers.o
                0x0000000008006e74                xTimerGenericCommand
 .text.prvProcessExpiredTimer
                0x0000000008006f0c       0x80 Middlewares/Third_Party/FreeRTOS/Source/timers.o
 .text.prvTimerTask
                0x0000000008006f8c       0x24 Middlewares/Third_Party/FreeRTOS/Source/timers.o
 .text.prvProcessTimerOrBlockTask
                0x0000000008006fb0       0x9c Middlewares/Third_Party/FreeRTOS/Source/timers.o
 .text.prvGetNextExpireTime
                0x000000000800704c       0x48 Middlewares/Third_Party/FreeRTOS/Source/timers.o
 .text.prvSampleTimeNow
                0x0000000008007094       0x40 Middlewares/Third_Party/FreeRTOS/Source/timers.o
 .text.prvInsertTimerInActiveList
                0x00000000080070d4       0x84 Middlewares/Third_Party/FreeRTOS/Source/timers.o
 .text.prvProcessReceivedCommands
                0x0000000008007158      0x160 Middlewares/Third_Party/FreeRTOS/Source/timers.o
 .text.prvSwitchTimerLists
                0x00000000080072b8       0xc0 Middlewares/Third_Party/FreeRTOS/Source/timers.o
 .text.prvCheckForValidListAndQueue
                0x0000000008007378       0x80 Middlewares/Third_Party/FreeRTOS/Source/timers.o
 .text.pxPortInitialiseStack
                0x00000000080073f8       0x58 Middlewares/Third_Party/FreeRTOS/Source/portable/GCC/ARM_CM3/port.o
                0x00000000080073f8                pxPortInitialiseStack
 .text.prvTaskExitError
                0x0000000008007450       0x50 Middlewares/Third_Party/FreeRTOS/Source/portable/GCC/ARM_CM3/port.o
 .text.SVC_Handler
                0x00000000080074a0       0x28 Middlewares/Third_Party/FreeRTOS/Source/portable/GCC/ARM_CM3/port.o
                0x00000000080074a0                SVC_Handler
 .text.prvPortStartFirstTask
                0x00000000080074c8       0x20 Middlewares/Third_Party/FreeRTOS/Source/portable/GCC/ARM_CM3/port.o
 .text.xPortStartScheduler
                0x00000000080074e8       0xe0 Middlewares/Third_Party/FreeRTOS/Source/portable/GCC/ARM_CM3/port.o
                0x00000000080074e8                xPortStartScheduler
 .text.vPortEnterCritical
                0x00000000080075c8       0x5c Middlewares/Third_Party/FreeRTOS/Source/portable/GCC/ARM_CM3/port.o
                0x00000000080075c8                vPortEnterCritical
 .text.vPortExitCritical
                0x0000000008007624       0x4c Middlewares/Third_Party/FreeRTOS/Source/portable/GCC/ARM_CM3/port.o
                0x0000000008007624                vPortExitCritical
 .text.PendSV_Handler
                0x0000000008007670       0x48 Middlewares/Third_Party/FreeRTOS/Source/portable/GCC/ARM_CM3/port.o
                0x0000000008007670                PendSV_Handler
 .text.SysTick_Handler
                0x00000000080076b8       0x40 Middlewares/Third_Party/FreeRTOS/Source/portable/GCC/ARM_CM3/port.o
                0x00000000080076b8                SysTick_Handler
 .text.vPortSetupTimerInterrupt
                0x00000000080076f8       0x44 Middlewares/Third_Party/FreeRTOS/Source/portable/GCC/ARM_CM3/port.o
                0x00000000080076f8                vPortSetupTimerInterrupt
 .text.vPortValidateInterruptPriority
                0x000000000800773c       0x78 Middlewares/Third_Party/FreeRTOS/Source/portable/GCC/ARM_CM3/port.o
                0x000000000800773c                vPortValidateInterruptPriority
 .text.pvPortMalloc
                0x00000000080077b4      0x184 Middlewares/Third_Party/FreeRTOS/Source/portable/MemMang/heap_4.o
                0x00000000080077b4                pvPortMalloc
 .text.vPortFree
                0x0000000008007938       0xb0 Middlewares/Third_Party/FreeRTOS/Source/portable/MemMang/heap_4.o
                0x0000000008007938                vPortFree
 .text.prvHeapInit
                0x00000000080079e8       0xc4 Middlewares/Third_Party/FreeRTOS/Source/portable/MemMang/heap_4.o
 .text.prvInsertBlockIntoFreeList
                0x0000000008007aac       0xb0 Middlewares/Third_Party/FreeRTOS/Source/portable/MemMang/heap_4.o
 .text.MX_USB_DEVICE_Init
                0x0000000008007b5c       0x60 USB_DEVICE/App/usb_device.o
                0x0000000008007b5c                MX_USB_DEVICE_Init
 .text.CUSTOM_HID_Init_FS
                0x0000000008007bbc        0xe USB_DEVICE/App/usbd_custom_hid_if.o
 .text.CUSTOM_HID_DeInit_FS
                0x0000000008007bca        0xe USB_DEVICE/App/usbd_custom_hid_if.o
 .text.CUSTOM_HID_OutEvent_FS
                0x0000000008007bd8       0x1c USB_DEVICE/App/usbd_custom_hid_if.o
 .text.USBD_FS_DeviceDescriptor
                0x0000000008007bf4       0x24 USB_DEVICE/App/usbd_desc.o
                0x0000000008007bf4                USBD_FS_DeviceDescriptor
 .text.USBD_FS_LangIDStrDescriptor
                0x0000000008007c18       0x24 USB_DEVICE/App/usbd_desc.o
                0x0000000008007c18                USBD_FS_LangIDStrDescriptor
 .text.USBD_FS_ProductStrDescriptor
                0x0000000008007c3c       0x3c USB_DEVICE/App/usbd_desc.o
                0x0000000008007c3c                USBD_FS_ProductStrDescriptor
 .text.USBD_FS_ManufacturerStrDescriptor
                0x0000000008007c78       0x28 USB_DEVICE/App/usbd_desc.o
                0x0000000008007c78                USBD_FS_ManufacturerStrDescriptor
 .text.USBD_FS_SerialStrDescriptor
                0x0000000008007ca0       0x24 USB_DEVICE/App/usbd_desc.o
                0x0000000008007ca0                USBD_FS_SerialStrDescriptor
 .text.USBD_FS_ConfigStrDescriptor
                0x0000000008007cc4       0x3c USB_DEVICE/App/usbd_desc.o
                0x0000000008007cc4                USBD_FS_ConfigStrDescriptor
 .text.USBD_FS_InterfaceStrDescriptor
                0x0000000008007d00       0x3c USB_DEVICE/App/usbd_desc.o
                0x0000000008007d00                USBD_FS_InterfaceStrDescriptor
 .text.Get_SerialNum
                0x0000000008007d3c       0x58 USB_DEVICE/App/usbd_desc.o
 .text.IntToUnicode
                0x0000000008007d94       0x7a USB_DEVICE/App/usbd_desc.o
 *fill*         0x0000000008007e0e        0x2 
 .text.HAL_PCD_MspInit
                0x0000000008007e10       0x4c USB_DEVICE/Target/usbd_conf.o
                0x0000000008007e10                HAL_PCD_MspInit
 .text.HAL_PCD_SetupStageCallback
                0x0000000008007e5c       0x24 USB_DEVICE/Target/usbd_conf.o
                0x0000000008007e5c                HAL_PCD_SetupStageCallback
 .text.HAL_PCD_DataOutStageCallback
                0x0000000008007e80       0x30 USB_DEVICE/Target/usbd_conf.o
                0x0000000008007e80                HAL_PCD_DataOutStageCallback
 .text.HAL_PCD_DataInStageCallback
                0x0000000008007eb0       0x2e USB_DEVICE/Target/usbd_conf.o
                0x0000000008007eb0                HAL_PCD_DataInStageCallback
 .text.HAL_PCD_SOFCallback
                0x0000000008007ede       0x1c USB_DEVICE/Target/usbd_conf.o
                0x0000000008007ede                HAL_PCD_SOFCallback
 .text.HAL_PCD_ResetCallback
                0x0000000008007efa       0x3c USB_DEVICE/Target/usbd_conf.o
                0x0000000008007efa                HAL_PCD_ResetCallback
 *fill*         0x0000000008007f36        0x2 
 .text.HAL_PCD_SuspendCallback
                0x0000000008007f38       0x34 USB_DEVICE/Target/usbd_conf.o
                0x0000000008007f38                HAL_PCD_SuspendCallback
 .text.HAL_PCD_ResumeCallback
                0x0000000008007f6c       0x1c USB_DEVICE/Target/usbd_conf.o
                0x0000000008007f6c                HAL_PCD_ResumeCallback
 .text.USBD_LL_Init
                0x0000000008007f88       0xb0 USB_DEVICE/Target/usbd_conf.o
                0x0000000008007f88                USBD_LL_Init
 .text.USBD_LL_Start
                0x0000000008008038       0x36 USB_DEVICE/Target/usbd_conf.o
                0x0000000008008038                USBD_LL_Start
 .text.USBD_LL_OpenEP
                0x000000000800806e       0x4c USB_DEVICE/Target/usbd_conf.o
                0x000000000800806e                USBD_LL_OpenEP
 .text.USBD_LL_CloseEP
                0x00000000080080ba       0x3e USB_DEVICE/Target/usbd_conf.o
                0x00000000080080ba                USBD_LL_CloseEP
 .text.USBD_LL_StallEP
                0x00000000080080f8       0x3e USB_DEVICE/Target/usbd_conf.o
                0x00000000080080f8                USBD_LL_StallEP
 .text.USBD_LL_ClearStallEP
                0x0000000008008136       0x3e USB_DEVICE/Target/usbd_conf.o
                0x0000000008008136                USBD_LL_ClearStallEP
 .text.USBD_LL_IsStallEP
                0x0000000008008174       0x4a USB_DEVICE/Target/usbd_conf.o
                0x0000000008008174                USBD_LL_IsStallEP
 .text.USBD_LL_SetUSBAddress
                0x00000000080081be       0x3e USB_DEVICE/Target/usbd_conf.o
                0x00000000080081be                USBD_LL_SetUSBAddress
 .text.USBD_LL_Transmit
                0x00000000080081fc       0x46 USB_DEVICE/Target/usbd_conf.o
                0x00000000080081fc                USBD_LL_Transmit
 .text.USBD_LL_PrepareReceive
                0x0000000008008242       0x46 USB_DEVICE/Target/usbd_conf.o
                0x0000000008008242                USBD_LL_PrepareReceive
 .text.HAL_PCDEx_SetConnectionState
                0x0000000008008288       0x16 USB_DEVICE/Target/usbd_conf.o
                0x0000000008008288                HAL_PCDEx_SetConnectionState
 *fill*         0x000000000800829e        0x2 
 .text.USBD_Get_USB_Status
                0x00000000080082a0       0x58 USB_DEVICE/Target/usbd_conf.o
 .text.__libc_init_array
                0x00000000080082f8       0x48 c:/st/stm32cubeide_1.4.0/stm32cubeide/plugins/com.st.stm32cube.ide.mcu.externaltools.gnu-tools-for-stm32.7-2018-q2-update.win32_1.4.0.202007081208/tools/bin/../lib/gcc/arm-none-eabi/7.3.1/../../../../arm-none-eabi/lib/thumb/v7-m\libc_nano.a(lib_a-init.o)
                0x00000000080082f8                __libc_init_array
 .text.memcpy   0x0000000008008340       0x16 c:/st/stm32cubeide_1.4.0/stm32cubeide/plugins/com.st.stm32cube.ide.mcu.externaltools.gnu-tools-for-stm32.7-2018-q2-update.win32_1.4.0.202007081208/tools/bin/../lib/gcc/arm-none-eabi/7.3.1/../../../../arm-none-eabi/lib/thumb/v7-m\libc_nano.a(lib_a-memcpy-stub.o)
                0x0000000008008340                memcpy
 .text.memset   0x0000000008008356       0x10 c:/st/stm32cubeide_1.4.0/stm32cubeide/plugins/com.st.stm32cube.ide.mcu.externaltools.gnu-tools-for-stm32.7-2018-q2-update.win32_1.4.0.202007081208/tools/bin/../lib/gcc/arm-none-eabi/7.3.1/../../../../arm-none-eabi/lib/thumb/v7-m\libc_nano.a(lib_a-memset.o)
                0x0000000008008356                memset
 *(.glue_7)
 .glue_7        0x0000000008008366        0x0 linker stubs
 *(.glue_7t)
 .glue_7t       0x0000000008008366        0x0 linker stubs
 *(.eh_frame)
 *fill*         0x0000000008008366        0x2 
 .eh_frame      0x0000000008008368        0x0 c:/st/stm32cubeide_1.4.0/stm32cubeide/plugins/com.st.stm32cube.ide.mcu.externaltools.gnu-tools-for-stm32.7-2018-q2-update.win32_1.4.0.202007081208/tools/bin/../lib/gcc/arm-none-eabi/7.3.1/thumb/v7-m/crtbegin.o
 *(.init)
 .init          0x0000000008008368        0x4 c:/st/stm32cubeide_1.4.0/stm32cubeide/plugins/com.st.stm32cube.ide.mcu.externaltools.gnu-tools-for-stm32.7-2018-q2-update.win32_1.4.0.202007081208/tools/bin/../lib/gcc/arm-none-eabi/7.3.1/thumb/v7-m/crti.o
                0x0000000008008368                _init
 .init          0x000000000800836c        0x8 c:/st/stm32cubeide_1.4.0/stm32cubeide/plugins/com.st.stm32cube.ide.mcu.externaltools.gnu-tools-for-stm32.7-2018-q2-update.win32_1.4.0.202007081208/tools/bin/../lib/gcc/arm-none-eabi/7.3.1/thumb/v7-m/crtn.o
 *(.fini)
 .fini          0x0000000008008374        0x4 c:/st/stm32cubeide_1.4.0/stm32cubeide/plugins/com.st.stm32cube.ide.mcu.externaltools.gnu-tools-for-stm32.7-2018-q2-update.win32_1.4.0.202007081208/tools/bin/../lib/gcc/arm-none-eabi/7.3.1/thumb/v7-m/crti.o
                0x0000000008008374                _fini
 .fini          0x0000000008008378        0x8 c:/st/stm32cubeide_1.4.0/stm32cubeide/plugins/com.st.stm32cube.ide.mcu.externaltools.gnu-tools-for-stm32.7-2018-q2-update.win32_1.4.0.202007081208/tools/bin/../lib/gcc/arm-none-eabi/7.3.1/thumb/v7-m/crtn.o
                0x0000000008008380                . = ALIGN (0x4)
                0x0000000008008380                _etext = .

.vfp11_veneer   0x0000000008008380        0x0
 .vfp11_veneer  0x0000000008008380        0x0 linker stubs

.v4_bx          0x0000000008008380        0x0
 .v4_bx         0x0000000008008380        0x0 linker stubs

.iplt           0x0000000008008380        0x0
 .iplt          0x0000000008008380        0x0 c:/st/stm32cubeide_1.4.0/stm32cubeide/plugins/com.st.stm32cube.ide.mcu.externaltools.gnu-tools-for-stm32.7-2018-q2-update.win32_1.4.0.202007081208/tools/bin/../lib/gcc/arm-none-eabi/7.3.1/thumb/v7-m/crtbegin.o

.rodata         0x0000000008008380       0xd4
                0x0000000008008380                . = ALIGN (0x4)
 *(.rodata)
 .rodata        0x0000000008008380        0xc Core/Src/main.o
 .rodata        0x000000000800838c       0x12 Drivers/STM32F1xx_HAL_Driver/Src/stm32f1xx_hal_rcc.o
 *fill*         0x000000000800839e        0x2 
 .rodata        0x00000000080083a0        0x5 Middlewares/Third_Party/FreeRTOS/Source/tasks.o
 *fill*         0x00000000080083a5        0x3 
 .rodata        0x00000000080083a8        0xd Middlewares/Third_Party/FreeRTOS/Source/timers.o
 *fill*         0x00000000080083b5        0x3 
 .rodata        0x00000000080083b8       0x5d USB_DEVICE/App/usbd_desc.o
 *(.rodata*)
 *fill*         0x0000000008008415        0x3 
 .rodata.defaultTask_attributes
                0x0000000008008418       0x24 Core/Src/main.o
                0x0000000008008418                defaultTask_attributes
 .rodata.AHBPrescTable
                0x000000000800843c       0x10 Core/Src/system_stm32f1xx.o
                0x000000000800843c                AHBPrescTable
 .rodata.APBPrescTable
                0x000000000800844c        0x8 Core/Src/system_stm32f1xx.o
                0x000000000800844c                APBPrescTable
                0x0000000008008454                . = ALIGN (0x4)

.rel.dyn        0x0000000008008454        0x0
 .rel.iplt      0x0000000008008454        0x0 c:/st/stm32cubeide_1.4.0/stm32cubeide/plugins/com.st.stm32cube.ide.mcu.externaltools.gnu-tools-for-stm32.7-2018-q2-update.win32_1.4.0.202007081208/tools/bin/../lib/gcc/arm-none-eabi/7.3.1/thumb/v7-m/crtbegin.o

.ARM.extab      0x0000000008008454        0x0
                0x0000000008008454                . = ALIGN (0x4)
 *(.ARM.extab* .gnu.linkonce.armextab.*)
                0x0000000008008454                . = ALIGN (0x4)

.ARM            0x0000000008008454        0x0
                0x0000000008008454                . = ALIGN (0x4)
                0x0000000008008454                __exidx_start = .
 *(.ARM.exidx*)
                0x0000000008008454                __exidx_end = .
                0x0000000008008454                . = ALIGN (0x4)

.preinit_array  0x0000000008008454        0x0
                0x0000000008008454                . = ALIGN (0x4)
                0x0000000008008454                PROVIDE (__preinit_array_start = .)
 *(.preinit_array*)
                0x0000000008008454                PROVIDE (__preinit_array_end = .)
                0x0000000008008454                . = ALIGN (0x4)

.init_array     0x0000000008008454        0x4
                0x0000000008008454                . = ALIGN (0x4)
                0x0000000008008454                PROVIDE (__init_array_start = .)
 *(SORT_BY_NAME(.init_array.*))
 *(.init_array*)
 .init_array    0x0000000008008454        0x4 c:/st/stm32cubeide_1.4.0/stm32cubeide/plugins/com.st.stm32cube.ide.mcu.externaltools.gnu-tools-for-stm32.7-2018-q2-update.win32_1.4.0.202007081208/tools/bin/../lib/gcc/arm-none-eabi/7.3.1/thumb/v7-m/crtbegin.o
                0x0000000008008458                PROVIDE (__init_array_end = .)
                0x0000000008008458                . = ALIGN (0x4)

.fini_array     0x0000000008008458        0x4
                0x0000000008008458                . = ALIGN (0x4)
                [!provide]                        PROVIDE (__fini_array_start = .)
 *(SORT_BY_NAME(.fini_array.*))
 *(.fini_array*)
 .fini_array    0x0000000008008458        0x4 c:/st/stm32cubeide_1.4.0/stm32cubeide/plugins/com.st.stm32cube.ide.mcu.externaltools.gnu-tools-for-stm32.7-2018-q2-update.win32_1.4.0.202007081208/tools/bin/../lib/gcc/arm-none-eabi/7.3.1/thumb/v7-m/crtbegin.o
                [!provide]                        PROVIDE (__fini_array_end = .)
                0x000000000800845c                . = ALIGN (0x4)
                0x000000000800845c                _sidata = LOADADDR (.data)

.data           0x0000000020000000      0x218 load address 0x000000000800845c
                0x0000000020000000                . = ALIGN (0x4)
                0x0000000020000000                _sdata = .
 *(.data)
 *(.data*)
 .data.SystemCoreClock
                0x0000000020000000        0x4 Core/Src/system_stm32f1xx.o
                0x0000000020000000                SystemCoreClock
 .data.uwTickPrio
                0x0000000020000004        0x4 Drivers/STM32F1xx_HAL_Driver/Src/stm32f1xx_hal.o
                0x0000000020000004                uwTickPrio
 .data.uwTickFreq
                0x0000000020000008        0x1 Drivers/STM32F1xx_HAL_Driver/Src/stm32f1xx_hal.o
                0x0000000020000008                uwTickFreq
 *fill*         0x0000000020000009        0x3 
 .data.USBD_COMPOSITE
                0x000000002000000c       0x38 Middlewares/ST/STM32_USB_Device_Library/Class/Composite/Src/usbd_composite.o
                0x000000002000000c                USBD_COMPOSITE
 .data.USBD_COMPOSITE_CfgFSDesc
                0x0000000020000044       0x42 Middlewares/ST/STM32_USB_Device_Library/Class/Composite/Src/usbd_composite.o
 *fill*         0x0000000020000086        0x2 
 .data.USBD_COMPOSITE_CfgHSDesc
                0x0000000020000088       0x42 Middlewares/ST/STM32_USB_Device_Library/Class/Composite/Src/usbd_composite.o
 *fill*         0x00000000200000ca        0x2 
 .data.USBD_COMPOSITE_OtherSpeedCfgDesc
                0x00000000200000cc       0x42 Middlewares/ST/STM32_USB_Device_Library/Class/Composite/Src/usbd_composite.o
 *fill*         0x000000002000010e        0x2 
 .data.USBD_COMPOSITE_DeviceQualifierDesc
                0x0000000020000110        0xa Middlewares/ST/STM32_USB_Device_Library/Class/Composite/Src/usbd_composite.o
 *fill*         0x000000002000011a        0x2 
 .data.USBD_CUSTOM_HID_Desc
                0x000000002000011c        0x9 Middlewares/ST/STM32_USB_Device_Library/Class/CustomHID/Src/usbd_customhid.o
 *fill*         0x0000000020000125        0x3 
 .data.USBD_MOUSE_Desc
                0x0000000020000128        0x9 Middlewares/ST/STM32_USB_Device_Library/Class/Mouse/Src/usbd_mouse.o
 *fill*         0x0000000020000131        0x3 
 .data.HID_MOUSE_ReportDesc
                0x0000000020000134       0x4a Middlewares/ST/STM32_USB_Device_Library/Class/Mouse/Src/usbd_mouse.o
 *fill*         0x000000002000017e        0x2 
 .data.uxCriticalNesting
                0x0000000020000180        0x4 Middlewares/Third_Party/FreeRTOS/Source/portable/GCC/ARM_CM3/port.o
 .data.CUSTOM_HID_ReportDesc_FS
                0x0000000020000184       0x33 USB_DEVICE/App/usbd_custom_hid_if.o
 *fill*         0x00000000200001b7        0x1 
 .data.USBD_CustomHID_fops_FS
                0x00000000200001b8       0x10 USB_DEVICE/App/usbd_custom_hid_if.o
                0x00000000200001b8                USBD_CustomHID_fops_FS
 .data.FS_Desc  0x00000000200001c8       0x1c USB_DEVICE/App/usbd_desc.o
                0x00000000200001c8                FS_Desc
 .data.USBD_FS_DeviceDesc
                0x00000000200001e4       0x12 USB_DEVICE/App/usbd_desc.o
                0x00000000200001e4                USBD_FS_DeviceDesc
 *fill*         0x00000000200001f6        0x2 
 .data.USBD_LangIDDesc
                0x00000000200001f8        0x4 USB_DEVICE/App/usbd_desc.o
                0x00000000200001f8                USBD_LangIDDesc
 .data.USBD_StringSerial
                0x00000000200001fc       0x1a USB_DEVICE/App/usbd_desc.o
                0x00000000200001fc                USBD_StringSerial
                0x0000000020000218                . = ALIGN (0x4)
 *fill*         0x0000000020000216        0x2 
                0x0000000020000218                _edata = .

.igot.plt       0x0000000020000218        0x0 load address 0x0000000008008674
 .igot.plt      0x0000000020000218        0x0 c:/st/stm32cubeide_1.4.0/stm32cubeide/plugins/com.st.stm32cube.ide.mcu.externaltools.gnu-tools-for-stm32.7-2018-q2-update.win32_1.4.0.202007081208/tools/bin/../lib/gcc/arm-none-eabi/7.3.1/thumb/v7-m/crtbegin.o
                0x0000000020000218                . = ALIGN (0x4)

.bss            0x0000000020000218     0x2110 load address 0x0000000008008674
                0x0000000020000218                _sbss = .
                0x0000000020000218                __bss_start__ = _sbss
 *(.bss)
 .bss           0x0000000020000218       0x1c c:/st/stm32cubeide_1.4.0/stm32cubeide/plugins/com.st.stm32cube.ide.mcu.externaltools.gnu-tools-for-stm32.7-2018-q2-update.win32_1.4.0.202007081208/tools/bin/../lib/gcc/arm-none-eabi/7.3.1/thumb/v7-m/crtbegin.o
 *(.bss*)
 .bss.cfgidx.8119
                0x0000000020000234        0x1 Middlewares/ST/STM32_USB_Device_Library/Core/Src/usbd_ctlreq.o
 *fill*         0x0000000020000235        0x3 
 .bss.KernelState
                0x0000000020000238        0x4 Middlewares/Third_Party/FreeRTOS/Source/CMSIS_RTOS_V2/cmsis_os2.o
 .bss.Idle_TCB  0x000000002000023c       0x5c Middlewares/Third_Party/FreeRTOS/Source/CMSIS_RTOS_V2/cmsis_os2.o
 .bss.Idle_Stack
                0x0000000020000298      0x200 Middlewares/Third_Party/FreeRTOS/Source/CMSIS_RTOS_V2/cmsis_os2.o
 .bss.Timer_TCB
                0x0000000020000498       0x5c Middlewares/Third_Party/FreeRTOS/Source/CMSIS_RTOS_V2/cmsis_os2.o
 .bss.Timer_Stack
                0x00000000200004f4      0x400 Middlewares/Third_Party/FreeRTOS/Source/CMSIS_RTOS_V2/cmsis_os2.o
 .bss.pxCurrentTCB
                0x00000000200008f4        0x4 Middlewares/Third_Party/FreeRTOS/Source/tasks.o
                0x00000000200008f4                pxCurrentTCB
 .bss.pxReadyTasksLists
                0x00000000200008f8      0x460 Middlewares/Third_Party/FreeRTOS/Source/tasks.o
 .bss.xDelayedTaskList1
                0x0000000020000d58       0x14 Middlewares/Third_Party/FreeRTOS/Source/tasks.o
 .bss.xDelayedTaskList2
                0x0000000020000d6c       0x14 Middlewares/Third_Party/FreeRTOS/Source/tasks.o
 .bss.pxDelayedTaskList
                0x0000000020000d80        0x4 Middlewares/Third_Party/FreeRTOS/Source/tasks.o
 .bss.pxOverflowDelayedTaskList
                0x0000000020000d84        0x4 Middlewares/Third_Party/FreeRTOS/Source/tasks.o
 .bss.xPendingReadyList
                0x0000000020000d88       0x14 Middlewares/Third_Party/FreeRTOS/Source/tasks.o
 .bss.xTasksWaitingTermination
                0x0000000020000d9c       0x14 Middlewares/Third_Party/FreeRTOS/Source/tasks.o
 .bss.uxDeletedTasksWaitingCleanUp
                0x0000000020000db0        0x4 Middlewares/Third_Party/FreeRTOS/Source/tasks.o
 .bss.xSuspendedTaskList
                0x0000000020000db4       0x14 Middlewares/Third_Party/FreeRTOS/Source/tasks.o
 .bss.uxCurrentNumberOfTasks
                0x0000000020000dc8        0x4 Middlewares/Third_Party/FreeRTOS/Source/tasks.o
 .bss.xTickCount
                0x0000000020000dcc        0x4 Middlewares/Third_Party/FreeRTOS/Source/tasks.o
 .bss.uxTopReadyPriority
                0x0000000020000dd0        0x4 Middlewares/Third_Party/FreeRTOS/Source/tasks.o
 .bss.xSchedulerRunning
                0x0000000020000dd4        0x4 Middlewares/Third_Party/FreeRTOS/Source/tasks.o
 .bss.uxPendedTicks
                0x0000000020000dd8        0x4 Middlewares/Third_Party/FreeRTOS/Source/tasks.o
 .bss.xYieldPending
                0x0000000020000ddc        0x4 Middlewares/Third_Party/FreeRTOS/Source/tasks.o
 .bss.xNumOfOverflows
                0x0000000020000de0        0x4 Middlewares/Third_Party/FreeRTOS/Source/tasks.o
 .bss.uxTaskNumber
                0x0000000020000de4        0x4 Middlewares/Third_Party/FreeRTOS/Source/tasks.o
 .bss.xNextTaskUnblockTime
                0x0000000020000de8        0x4 Middlewares/Third_Party/FreeRTOS/Source/tasks.o
 .bss.xIdleTaskHandle
                0x0000000020000dec        0x4 Middlewares/Third_Party/FreeRTOS/Source/tasks.o
 .bss.uxSchedulerSuspended
                0x0000000020000df0        0x4 Middlewares/Third_Party/FreeRTOS/Source/tasks.o
 .bss.xActiveTimerList1
                0x0000000020000df4       0x14 Middlewares/Third_Party/FreeRTOS/Source/timers.o
 .bss.xActiveTimerList2
                0x0000000020000e08       0x14 Middlewares/Third_Party/FreeRTOS/Source/timers.o
 .bss.pxCurrentTimerList
                0x0000000020000e1c        0x4 Middlewares/Third_Party/FreeRTOS/Source/timers.o
 .bss.pxOverflowTimerList
                0x0000000020000e20        0x4 Middlewares/Third_Party/FreeRTOS/Source/timers.o
 .bss.xTimerQueue
                0x0000000020000e24        0x4 Middlewares/Third_Party/FreeRTOS/Source/timers.o
 .bss.xTimerTaskHandle
                0x0000000020000e28        0x4 Middlewares/Third_Party/FreeRTOS/Source/timers.o
 .bss.xLastTime.5452
                0x0000000020000e2c        0x4 Middlewares/Third_Party/FreeRTOS/Source/timers.o
 .bss.ucStaticTimerQueueStorage.5503
                0x0000000020000e30       0xa0 Middlewares/Third_Party/FreeRTOS/Source/timers.o
 .bss.xStaticTimerQueue.5502
                0x0000000020000ed0       0x50 Middlewares/Third_Party/FreeRTOS/Source/timers.o
 .bss.ucMaxSysCallPriority
                0x0000000020000f20        0x1 Middlewares/Third_Party/FreeRTOS/Source/portable/GCC/ARM_CM3/port.o
 *fill*         0x0000000020000f21        0x3 
 .bss.ulMaxPRIGROUPValue
                0x0000000020000f24        0x4 Middlewares/Third_Party/FreeRTOS/Source/portable/GCC/ARM_CM3/port.o
 .bss.ucHeap    0x0000000020000f28      0xc00 Middlewares/Third_Party/FreeRTOS/Source/portable/MemMang/heap_4.o
 .bss.xStart    0x0000000020001b28        0x8 Middlewares/Third_Party/FreeRTOS/Source/portable/MemMang/heap_4.o
 .bss.pxEnd     0x0000000020001b30        0x4 Middlewares/Third_Party/FreeRTOS/Source/portable/MemMang/heap_4.o
 .bss.xFreeBytesRemaining
                0x0000000020001b34        0x4 Middlewares/Third_Party/FreeRTOS/Source/portable/MemMang/heap_4.o
 .bss.xMinimumEverFreeBytesRemaining
                0x0000000020001b38        0x4 Middlewares/Third_Party/FreeRTOS/Source/portable/MemMang/heap_4.o
 .bss.xBlockAllocatedBit
                0x0000000020001b3c        0x4 Middlewares/Third_Party/FreeRTOS/Source/portable/MemMang/heap_4.o
 *(COMMON)
 COMMON         0x0000000020001b40        0x4 Core/Src/main.o
                0x0000000020001b40                defaultTaskHandle
 COMMON         0x0000000020001b44       0x40 Core/Src/stm32f1xx_hal_timebase_tim.o
                0x0000000020001b44                htim1
 COMMON         0x0000000020001b84        0x4 Drivers/STM32F1xx_HAL_Driver/Src/stm32f1xx_hal.o
                0x0000000020001b84                uwTick
 COMMON         0x0000000020001b88       0x18 Middlewares/ST/STM32_USB_Device_Library/Class/CustomHID/Src/usbd_customhid.o
                0x0000000020001b88                customHIDInstance
 COMMON         0x0000000020001ba0       0x10 Middlewares/ST/STM32_USB_Device_Library/Class/Mouse/Src/usbd_mouse.o
                0x0000000020001ba0                mouseInstance
 COMMON         0x0000000020001bb0       0x40 Middlewares/Third_Party/FreeRTOS/Source/queue.o
                0x0000000020001bb0                xQueueRegistry
 COMMON         0x0000000020001bf0      0x2cc USB_DEVICE/App/usb_device.o
                0x0000000020001bf0                hUsbDeviceFS
 COMMON         0x0000000020001ebc      0x200 USB_DEVICE/App/usbd_desc.o
                0x0000000020001ebc                USBD_StrDesc
 COMMON         0x00000000200020bc      0x26c USB_DEVICE/Target/usbd_conf.o
                0x00000000200020bc                hpcd_USB_FS
                0x0000000020002328                . = ALIGN (0x4)
                0x0000000020002328                _ebss = .
                0x0000000020002328                __bss_end__ = _ebss

._user_heap_stack
                0x0000000020002328      0x600 load address 0x0000000008008674
                0x0000000020002328                . = ALIGN (0x8)
                [!provide]                        PROVIDE (end = .)
                0x0000000020002328                PROVIDE (_end = .)
                0x0000000020002528                . = (. + _Min_Heap_Size)
 *fill*         0x0000000020002328      0x200 
                0x0000000020002928                . = (. + _Min_Stack_Size)
 *fill*         0x0000000020002528      0x400 
                0x0000000020002928                . = ALIGN (0x8)

/DISCARD/
 libc.a(*)
 libm.a(*)
 libgcc.a(*)

.ARM.attributes
                0x0000000000000000       0x29
 *(.ARM.attributes)
 .ARM.attributes
                0x0000000000000000       0x1d c:/st/stm32cubeide_1.4.0/stm32cubeide/plugins/com.st.stm32cube.ide.mcu.externaltools.gnu-tools-for-stm32.7-2018-q2-update.win32_1.4.0.202007081208/tools/bin/../lib/gcc/arm-none-eabi/7.3.1/thumb/v7-m/crti.o
 .ARM.attributes
                0x000000000000001d       0x2d c:/st/stm32cubeide_1.4.0/stm32cubeide/plugins/com.st.stm32cube.ide.mcu.externaltools.gnu-tools-for-stm32.7-2018-q2-update.win32_1.4.0.202007081208/tools/bin/../lib/gcc/arm-none-eabi/7.3.1/thumb/v7-m/crtbegin.o
 .ARM.attributes
                0x000000000000004a       0x33 Core/Src/main.o
 .ARM.attributes
                0x000000000000007d       0x33 Core/Src/stm32f1xx_hal_msp.o
 .ARM.attributes
                0x00000000000000b0       0x33 Core/Src/stm32f1xx_hal_timebase_tim.o
 .ARM.attributes
                0x00000000000000e3       0x33 Core/Src/stm32f1xx_it.o
 .ARM.attributes
                0x0000000000000116       0x33 Core/Src/system_stm32f1xx.o
 .ARM.attributes
                0x0000000000000149       0x21 Core/Startup/startup_stm32f103c8tx.o
 .ARM.attributes
                0x000000000000016a       0x33 Drivers/STM32F1xx_HAL_Driver/Src/stm32f1xx_hal.o
 .ARM.attributes
                0x000000000000019d       0x33 Drivers/STM32F1xx_HAL_Driver/Src/stm32f1xx_hal_cortex.o
 .ARM.attributes
                0x00000000000001d0       0x33 Drivers/STM32F1xx_HAL_Driver/Src/stm32f1xx_hal_gpio.o
 .ARM.attributes
                0x0000000000000203       0x33 Drivers/STM32F1xx_HAL_Driver/Src/stm32f1xx_hal_pcd.o
 .ARM.attributes
                0x0000000000000236       0x33 Drivers/STM32F1xx_HAL_Driver/Src/stm32f1xx_hal_pcd_ex.o
 .ARM.attributes
                0x0000000000000269       0x33 Drivers/STM32F1xx_HAL_Driver/Src/stm32f1xx_hal_rcc.o
 .ARM.attributes
                0x000000000000029c       0x33 Drivers/STM32F1xx_HAL_Driver/Src/stm32f1xx_hal_rcc_ex.o
 .ARM.attributes
                0x00000000000002cf       0x33 Drivers/STM32F1xx_HAL_Driver/Src/stm32f1xx_hal_tim.o
 .ARM.attributes
                0x0000000000000302       0x33 Drivers/STM32F1xx_HAL_Driver/Src/stm32f1xx_hal_tim_ex.o
 .ARM.attributes
                0x0000000000000335       0x33 Drivers/STM32F1xx_HAL_Driver/Src/stm32f1xx_ll_usb.o
 .ARM.attributes
                0x0000000000000368       0x33 Middlewares/ST/STM32_USB_Device_Library/Class/Composite/Src/usbd_composite.o
 .ARM.attributes
                0x000000000000039b       0x33 Middlewares/ST/STM32_USB_Device_Library/Class/CustomHID/Src/usbd_customhid.o
 .ARM.attributes
                0x00000000000003ce       0x33 Middlewares/ST/STM32_USB_Device_Library/Class/Mouse/Src/usbd_mouse.o
 .ARM.attributes
                0x0000000000000401       0x33 Middlewares/ST/STM32_USB_Device_Library/Core/Src/usbd_core.o
 .ARM.attributes
                0x0000000000000434       0x33 Middlewares/ST/STM32_USB_Device_Library/Core/Src/usbd_ctlreq.o
 .ARM.attributes
                0x0000000000000467       0x33 Middlewares/ST/STM32_USB_Device_Library/Core/Src/usbd_ioreq.o
 .ARM.attributes
                0x000000000000049a       0x33 Middlewares/Third_Party/FreeRTOS/Source/CMSIS_RTOS_V2/cmsis_os2.o
 .ARM.attributes
                0x00000000000004cd       0x33 Middlewares/Third_Party/FreeRTOS/Source/list.o
 .ARM.attributes
                0x0000000000000500       0x33 Middlewares/Third_Party/FreeRTOS/Source/queue.o
 .ARM.attributes
                0x0000000000000533       0x33 Middlewares/Third_Party/FreeRTOS/Source/tasks.o
 .ARM.attributes
                0x0000000000000566       0x33 Middlewares/Third_Party/FreeRTOS/Source/timers.o
 .ARM.attributes
                0x0000000000000599       0x33 Middlewares/Third_Party/FreeRTOS/Source/portable/GCC/ARM_CM3/port.o
 .ARM.attributes
                0x00000000000005cc       0x33 Middlewares/Third_Party/FreeRTOS/Source/portable/MemMang/heap_4.o
 .ARM.attributes
                0x00000000000005ff       0x33 USB_DEVICE/App/usb_device.o
 .ARM.attributes
                0x0000000000000632       0x33 USB_DEVICE/App/usbd_custom_hid_if.o
 .ARM.attributes
                0x0000000000000665       0x33 USB_DEVICE/App/usbd_desc.o
 .ARM.attributes
                0x0000000000000698       0x33 USB_DEVICE/Target/usbd_conf.o
 .ARM.attributes
                0x00000000000006cb       0x2d c:/st/stm32cubeide_1.4.0/stm32cubeide/plugins/com.st.stm32cube.ide.mcu.externaltools.gnu-tools-for-stm32.7-2018-q2-update.win32_1.4.0.202007081208/tools/bin/../lib/gcc/arm-none-eabi/7.3.1/../../../../arm-none-eabi/lib/thumb/v7-m\libc_nano.a(lib_a-init.o)
 .ARM.attributes
                0x00000000000006f8       0x2d c:/st/stm32cubeide_1.4.0/stm32cubeide/plugins/com.st.stm32cube.ide.mcu.externaltools.gnu-tools-for-stm32.7-2018-q2-update.win32_1.4.0.202007081208/tools/bin/../lib/gcc/arm-none-eabi/7.3.1/../../../../arm-none-eabi/lib/thumb/v7-m\libc_nano.a(lib_a-memcpy-stub.o)
 .ARM.attributes
                0x0000000000000725       0x2d c:/st/stm32cubeide_1.4.0/stm32cubeide/plugins/com.st.stm32cube.ide.mcu.externaltools.gnu-tools-for-stm32.7-2018-q2-update.win32_1.4.0.202007081208/tools/bin/../lib/gcc/arm-none-eabi/7.3.1/../../../../arm-none-eabi/lib/thumb/v7-m\libc_nano.a(lib_a-memset.o)
 .ARM.attributes
                0x0000000000000752       0x1d c:/st/stm32cubeide_1.4.0/stm32cubeide/plugins/com.st.stm32cube.ide.mcu.externaltools.gnu-tools-for-stm32.7-2018-q2-update.win32_1.4.0.202007081208/tools/bin/../lib/gcc/arm-none-eabi/7.3.1/thumb/v7-m/crtn.o
OUTPUT(compositeUSB.elf elf32-littlearm)

.debug_info     0x0000000000000000    0x22562
 .debug_info    0x0000000000000000     0x1453 Core/Src/main.o
 .debug_info    0x0000000000001453      0x2cb Core/Src/stm32f1xx_hal_msp.o
 .debug_info    0x000000000000171e      0x8e8 Core/Src/stm32f1xx_hal_timebase_tim.o
 .debug_info    0x0000000000002006      0xac0 Core/Src/stm32f1xx_it.o
 .debug_info    0x0000000000002ac6      0x433 Core/Src/system_stm32f1xx.o
 .debug_info    0x0000000000002ef9       0x22 Core/Startup/startup_stm32f103c8tx.o
 .debug_info    0x0000000000002f1b      0x6fe Drivers/STM32F1xx_HAL_Driver/Src/stm32f1xx_hal.o
 .debug_info    0x0000000000003619      0xb46 Drivers/STM32F1xx_HAL_Driver/Src/stm32f1xx_hal_cortex.o
 .debug_info    0x000000000000415f      0x681 Drivers/STM32F1xx_HAL_Driver/Src/stm32f1xx_hal_gpio.o
 .debug_info    0x00000000000047e0      0xe38 Drivers/STM32F1xx_HAL_Driver/Src/stm32f1xx_hal_pcd.o
 .debug_info    0x0000000000005618      0x760 Drivers/STM32F1xx_HAL_Driver/Src/stm32f1xx_hal_pcd_ex.o
 .debug_info    0x0000000000005d78      0x804 Drivers/STM32F1xx_HAL_Driver/Src/stm32f1xx_hal_rcc.o
 .debug_info    0x000000000000657c      0x439 Drivers/STM32F1xx_HAL_Driver/Src/stm32f1xx_hal_rcc_ex.o
 .debug_info    0x00000000000069b5     0x2456 Drivers/STM32F1xx_HAL_Driver/Src/stm32f1xx_hal_tim.o
 .debug_info    0x0000000000008e0b     0x1104 Drivers/STM32F1xx_HAL_Driver/Src/stm32f1xx_hal_tim_ex.o
 .debug_info    0x0000000000009f0f     0x14f9 Drivers/STM32F1xx_HAL_Driver/Src/stm32f1xx_ll_usb.o
 .debug_info    0x000000000000b408     0x10b4 Middlewares/ST/STM32_USB_Device_Library/Class/Composite/Src/usbd_composite.o
 .debug_info    0x000000000000c4bc     0x1291 Middlewares/ST/STM32_USB_Device_Library/Class/CustomHID/Src/usbd_customhid.o
 .debug_info    0x000000000000d74d     0x1163 Middlewares/ST/STM32_USB_Device_Library/Class/Mouse/Src/usbd_mouse.o
 .debug_info    0x000000000000e8b0     0x11e5 Middlewares/ST/STM32_USB_Device_Library/Core/Src/usbd_core.o
 .debug_info    0x000000000000fa95     0x1155 Middlewares/ST/STM32_USB_Device_Library/Core/Src/usbd_ctlreq.o
 .debug_info    0x0000000000010bea      0xf46 Middlewares/ST/STM32_USB_Device_Library/Core/Src/usbd_ioreq.o
 .debug_info    0x0000000000011b30     0x403a Middlewares/Third_Party/FreeRTOS/Source/CMSIS_RTOS_V2/cmsis_os2.o
 .debug_info    0x0000000000015b6a      0xac5 Middlewares/Third_Party/FreeRTOS/Source/list.o
 .debug_info    0x000000000001662f     0x22e8 Middlewares/Third_Party/FreeRTOS/Source/queue.o
 .debug_info    0x0000000000018917     0x294f Middlewares/Third_Party/FreeRTOS/Source/tasks.o
 .debug_info    0x000000000001b266     0x1a21 Middlewares/Third_Party/FreeRTOS/Source/timers.o
 .debug_info    0x000000000001cc87      0x4d2 Middlewares/Third_Party/FreeRTOS/Source/portable/GCC/ARM_CM3/port.o
 .debug_info    0x000000000001d159      0xbea Middlewares/Third_Party/FreeRTOS/Source/portable/MemMang/heap_4.o
 .debug_info    0x000000000001dd43      0xe74 USB_DEVICE/App/usb_device.o
 .debug_info    0x000000000001ebb7      0xed6 USB_DEVICE/App/usbd_custom_hid_if.o
 .debug_info    0x000000000001fa8d      0xd07 USB_DEVICE/App/usbd_desc.o
 .debug_info    0x0000000000020794     0x1dce USB_DEVICE/Target/usbd_conf.o

.debug_abbrev   0x0000000000000000     0x46f0
 .debug_abbrev  0x0000000000000000      0x27d Core/Src/main.o
 .debug_abbrev  0x000000000000027d      0x109 Core/Src/stm32f1xx_hal_msp.o
 .debug_abbrev  0x0000000000000386      0x19d Core/Src/stm32f1xx_hal_timebase_tim.o
 .debug_abbrev  0x0000000000000523      0x185 Core/Src/stm32f1xx_it.o
 .debug_abbrev  0x00000000000006a8      0x134 Core/Src/system_stm32f1xx.o
 .debug_abbrev  0x00000000000007dc       0x12 Core/Startup/startup_stm32f103c8tx.o
 .debug_abbrev  0x00000000000007ee      0x1d8 Drivers/STM32F1xx_HAL_Driver/Src/stm32f1xx_hal.o
 .debug_abbrev  0x00000000000009c6      0x2d5 Drivers/STM32F1xx_HAL_Driver/Src/stm32f1xx_hal_cortex.o
 .debug_abbrev  0x0000000000000c9b      0x1c0 Drivers/STM32F1xx_HAL_Driver/Src/stm32f1xx_hal_gpio.o
 .debug_abbrev  0x0000000000000e5b      0x263 Drivers/STM32F1xx_HAL_Driver/Src/stm32f1xx_hal_pcd.o
 .debug_abbrev  0x00000000000010be      0x188 Drivers/STM32F1xx_HAL_Driver/Src/stm32f1xx_hal_pcd_ex.o
 .debug_abbrev  0x0000000000001246      0x243 Drivers/STM32F1xx_HAL_Driver/Src/stm32f1xx_hal_rcc.o
 .debug_abbrev  0x0000000000001489      0x175 Drivers/STM32F1xx_HAL_Driver/Src/stm32f1xx_hal_rcc_ex.o
 .debug_abbrev  0x00000000000015fe      0x230 Drivers/STM32F1xx_HAL_Driver/Src/stm32f1xx_hal_tim.o
 .debug_abbrev  0x000000000000182e      0x21e Drivers/STM32F1xx_HAL_Driver/Src/stm32f1xx_hal_tim_ex.o
 .debug_abbrev  0x0000000000001a4c      0x1c5 Drivers/STM32F1xx_HAL_Driver/Src/stm32f1xx_ll_usb.o
 .debug_abbrev  0x0000000000001c11      0x257 Middlewares/ST/STM32_USB_Device_Library/Class/Composite/Src/usbd_composite.o
 .debug_abbrev  0x0000000000001e68      0x26a Middlewares/ST/STM32_USB_Device_Library/Class/CustomHID/Src/usbd_customhid.o
 .debug_abbrev  0x00000000000020d2      0x265 Middlewares/ST/STM32_USB_Device_Library/Class/Mouse/Src/usbd_mouse.o
 .debug_abbrev  0x0000000000002337      0x275 Middlewares/ST/STM32_USB_Device_Library/Core/Src/usbd_core.o
 .debug_abbrev  0x00000000000025ac      0x2a5 Middlewares/ST/STM32_USB_Device_Library/Core/Src/usbd_ctlreq.o
 .debug_abbrev  0x0000000000002851      0x1e5 Middlewares/ST/STM32_USB_Device_Library/Core/Src/usbd_ioreq.o
 .debug_abbrev  0x0000000000002a36      0x3a0 Middlewares/Third_Party/FreeRTOS/Source/CMSIS_RTOS_V2/cmsis_os2.o
 .debug_abbrev  0x0000000000002dd6      0x1cf Middlewares/Third_Party/FreeRTOS/Source/list.o
 .debug_abbrev  0x0000000000002fa5      0x354 Middlewares/Third_Party/FreeRTOS/Source/queue.o
 .debug_abbrev  0x00000000000032f9      0x350 Middlewares/Third_Party/FreeRTOS/Source/tasks.o
 .debug_abbrev  0x0000000000003649      0x2d7 Middlewares/Third_Party/FreeRTOS/Source/timers.o
 .debug_abbrev  0x0000000000003920      0x205 Middlewares/Third_Party/FreeRTOS/Source/portable/GCC/ARM_CM3/port.o
 .debug_abbrev  0x0000000000003b25      0x29e Middlewares/Third_Party/FreeRTOS/Source/portable/MemMang/heap_4.o
 .debug_abbrev  0x0000000000003dc3      0x1c3 USB_DEVICE/App/usb_device.o
 .debug_abbrev  0x0000000000003f86      0x1fa USB_DEVICE/App/usbd_custom_hid_if.o
 .debug_abbrev  0x0000000000004180      0x290 USB_DEVICE/App/usbd_desc.o
 .debug_abbrev  0x0000000000004410      0x2e0 USB_DEVICE/Target/usbd_conf.o

.debug_aranges  0x0000000000000000     0x1798
 .debug_aranges
                0x0000000000000000       0x48 Core/Src/main.o
 .debug_aranges
                0x0000000000000048       0x20 Core/Src/stm32f1xx_hal_msp.o
 .debug_aranges
                0x0000000000000068       0x30 Core/Src/stm32f1xx_hal_timebase_tim.o
 .debug_aranges
                0x0000000000000098       0x58 Core/Src/stm32f1xx_it.o
 .debug_aranges
                0x00000000000000f0       0x28 Core/Src/system_stm32f1xx.o
 .debug_aranges
                0x0000000000000118       0x28 Core/Startup/startup_stm32f103c8tx.o
 .debug_aranges
                0x0000000000000140       0xe0 Drivers/STM32F1xx_HAL_Driver/Src/stm32f1xx_hal.o
 .debug_aranges
                0x0000000000000220      0x100 Drivers/STM32F1xx_HAL_Driver/Src/stm32f1xx_hal_cortex.o
 .debug_aranges
                0x0000000000000320       0x58 Drivers/STM32F1xx_HAL_Driver/Src/stm32f1xx_hal_gpio.o
 .debug_aranges
                0x0000000000000378      0x120 Drivers/STM32F1xx_HAL_Driver/Src/stm32f1xx_hal_pcd.o
 .debug_aranges
                0x0000000000000498       0x38 Drivers/STM32F1xx_HAL_Driver/Src/stm32f1xx_hal_pcd_ex.o
 .debug_aranges
                0x00000000000004d0       0x90 Drivers/STM32F1xx_HAL_Driver/Src/stm32f1xx_hal_rcc.o
 .debug_aranges
                0x0000000000000560       0x30 Drivers/STM32F1xx_HAL_Driver/Src/stm32f1xx_hal_rcc_ex.o
 .debug_aranges
                0x0000000000000590      0x3a8 Drivers/STM32F1xx_HAL_Driver/Src/stm32f1xx_hal_tim.o
 .debug_aranges
                0x0000000000000938      0x150 Drivers/STM32F1xx_HAL_Driver/Src/stm32f1xx_hal_tim_ex.o
 .debug_aranges
                0x0000000000000a88      0x108 Drivers/STM32F1xx_HAL_Driver/Src/stm32f1xx_ll_usb.o
 .debug_aranges
                0x0000000000000b90       0x70 Middlewares/ST/STM32_USB_Device_Library/Class/Composite/Src/usbd_composite.o
 .debug_aranges
                0x0000000000000c00       0x78 Middlewares/ST/STM32_USB_Device_Library/Class/CustomHID/Src/usbd_customhid.o
 .debug_aranges
                0x0000000000000c78       0x68 Middlewares/ST/STM32_USB_Device_Library/Class/Mouse/Src/usbd_mouse.o
 .debug_aranges
                0x0000000000000ce0       0xb8 Middlewares/ST/STM32_USB_Device_Library/Core/Src/usbd_core.o
 .debug_aranges
                0x0000000000000d98       0x88 Middlewares/ST/STM32_USB_Device_Library/Core/Src/usbd_ctlreq.o
 .debug_aranges
                0x0000000000000e20       0x50 Middlewares/ST/STM32_USB_Device_Library/Core/Src/usbd_ioreq.o
 .debug_aranges
                0x0000000000000e70      0x228 Middlewares/Third_Party/FreeRTOS/Source/CMSIS_RTOS_V2/cmsis_os2.o
 .debug_aranges
                0x0000000000001098       0x40 Middlewares/Third_Party/FreeRTOS/Source/list.o
 .debug_aranges
                0x00000000000010d8      0x158 Middlewares/Third_Party/FreeRTOS/Source/queue.o
 .debug_aranges
                0x0000000000001230      0x1f8 Middlewares/Third_Party/FreeRTOS/Source/tasks.o
 .debug_aranges
                0x0000000000001428       0xe0 Middlewares/Third_Party/FreeRTOS/Source/timers.o
 .debug_aranges
                0x0000000000001508       0x78 Middlewares/Third_Party/FreeRTOS/Source/portable/GCC/ARM_CM3/port.o
 .debug_aranges
                0x0000000000001580       0x50 Middlewares/Third_Party/FreeRTOS/Source/portable/MemMang/heap_4.o
 .debug_aranges
                0x00000000000015d0       0x20 USB_DEVICE/App/usb_device.o
 .debug_aranges
                0x00000000000015f0       0x30 USB_DEVICE/App/usbd_custom_hid_if.o
 .debug_aranges
                0x0000000000001620       0x60 USB_DEVICE/App/usbd_desc.o
 .debug_aranges
                0x0000000000001680      0x118 USB_DEVICE/Target/usbd_conf.o

.debug_ranges   0x0000000000000000     0x1590
 .debug_ranges  0x0000000000000000       0x38 Core/Src/main.o
 .debug_ranges  0x0000000000000038       0x10 Core/Src/stm32f1xx_hal_msp.o
 .debug_ranges  0x0000000000000048       0x20 Core/Src/stm32f1xx_hal_timebase_tim.o
 .debug_ranges  0x0000000000000068       0x48 Core/Src/stm32f1xx_it.o
 .debug_ranges  0x00000000000000b0       0x18 Core/Src/system_stm32f1xx.o
 .debug_ranges  0x00000000000000c8       0x20 Core/Startup/startup_stm32f103c8tx.o
 .debug_ranges  0x00000000000000e8       0xd0 Drivers/STM32F1xx_HAL_Driver/Src/stm32f1xx_hal.o
 .debug_ranges  0x00000000000001b8       0xf0 Drivers/STM32F1xx_HAL_Driver/Src/stm32f1xx_hal_cortex.o
 .debug_ranges  0x00000000000002a8       0x48 Drivers/STM32F1xx_HAL_Driver/Src/stm32f1xx_hal_gpio.o
 .debug_ranges  0x00000000000002f0      0x110 Drivers/STM32F1xx_HAL_Driver/Src/stm32f1xx_hal_pcd.o
 .debug_ranges  0x0000000000000400       0x28 Drivers/STM32F1xx_HAL_Driver/Src/stm32f1xx_hal_pcd_ex.o
 .debug_ranges  0x0000000000000428       0x80 Drivers/STM32F1xx_HAL_Driver/Src/stm32f1xx_hal_rcc.o
 .debug_ranges  0x00000000000004a8       0x20 Drivers/STM32F1xx_HAL_Driver/Src/stm32f1xx_hal_rcc_ex.o
 .debug_ranges  0x00000000000004c8      0x398 Drivers/STM32F1xx_HAL_Driver/Src/stm32f1xx_hal_tim.o
 .debug_ranges  0x0000000000000860      0x140 Drivers/STM32F1xx_HAL_Driver/Src/stm32f1xx_hal_tim_ex.o
 .debug_ranges  0x00000000000009a0       0xf8 Drivers/STM32F1xx_HAL_Driver/Src/stm32f1xx_ll_usb.o
 .debug_ranges  0x0000000000000a98       0x60 Middlewares/ST/STM32_USB_Device_Library/Class/Composite/Src/usbd_composite.o
 .debug_ranges  0x0000000000000af8       0x68 Middlewares/ST/STM32_USB_Device_Library/Class/CustomHID/Src/usbd_customhid.o
 .debug_ranges  0x0000000000000b60       0x58 Middlewares/ST/STM32_USB_Device_Library/Class/Mouse/Src/usbd_mouse.o
 .debug_ranges  0x0000000000000bb8       0xa8 Middlewares/ST/STM32_USB_Device_Library/Core/Src/usbd_core.o
 .debug_ranges  0x0000000000000c60       0x78 Middlewares/ST/STM32_USB_Device_Library/Core/Src/usbd_ctlreq.o
 .debug_ranges  0x0000000000000cd8       0x40 Middlewares/ST/STM32_USB_Device_Library/Core/Src/usbd_ioreq.o
 .debug_ranges  0x0000000000000d18      0x218 Middlewares/Third_Party/FreeRTOS/Source/CMSIS_RTOS_V2/cmsis_os2.o
 .debug_ranges  0x0000000000000f30       0x30 Middlewares/Third_Party/FreeRTOS/Source/list.o
 .debug_ranges  0x0000000000000f60      0x148 Middlewares/Third_Party/FreeRTOS/Source/queue.o
 .debug_ranges  0x00000000000010a8      0x1e8 Middlewares/Third_Party/FreeRTOS/Source/tasks.o
 .debug_ranges  0x0000000000001290       0xd0 Middlewares/Third_Party/FreeRTOS/Source/timers.o
 .debug_ranges  0x0000000000001360       0x68 Middlewares/Third_Party/FreeRTOS/Source/portable/GCC/ARM_CM3/port.o
 .debug_ranges  0x00000000000013c8       0x40 Middlewares/Third_Party/FreeRTOS/Source/portable/MemMang/heap_4.o
 .debug_ranges  0x0000000000001408       0x10 USB_DEVICE/App/usb_device.o
 .debug_ranges  0x0000000000001418       0x20 USB_DEVICE/App/usbd_custom_hid_if.o
 .debug_ranges  0x0000000000001438       0x50 USB_DEVICE/App/usbd_desc.o
 .debug_ranges  0x0000000000001488      0x108 USB_DEVICE/Target/usbd_conf.o

.debug_macro    0x0000000000000000     0x6a0d
 .debug_macro   0x0000000000000000      0x418 Core/Src/main.o
 .debug_macro   0x0000000000000418       0x5b Core/Src/main.o
 .debug_macro   0x0000000000000473       0x74 Core/Src/main.o
 .debug_macro   0x00000000000004e7      0x122 Core/Src/main.o
 .debug_macro   0x0000000000000609       0xdd Core/Src/main.o
 .debug_macro   0x00000000000006e6       0x46 Core/Src/main.o
 .debug_macro   0x000000000000072c       0x18 Core/Src/main.o
 .debug_macro   0x0000000000000744       0x3c Core/Src/main.o
 .debug_macro   0x0000000000000780       0x34 Core/Src/main.o
 .debug_macro   0x00000000000007b4       0x16 Core/Src/main.o
 .debug_macro   0x00000000000007ca       0x35 Core/Src/main.o
 .debug_macro   0x00000000000007ff      0x32a Core/Src/main.o
 .debug_macro   0x0000000000000b29       0x10 Core/Src/main.o
 .debug_macro   0x0000000000000b39       0x52 Core/Src/main.o
 .debug_macro   0x0000000000000b8b       0x1f Core/Src/main.o
 .debug_macro   0x0000000000000baa       0x43 Core/Src/main.o
 .debug_macro   0x0000000000000bed       0x20 Core/Src/main.o
 .debug_macro   0x0000000000000c0d      0x1a3 Core/Src/main.o
 .debug_macro   0x0000000000000db0       0x10 Core/Src/main.o
 .debug_macro   0x0000000000000dc0       0x1c Core/Src/main.o
 .debug_macro   0x0000000000000ddc       0x52 Core/Src/main.o
 .debug_macro   0x0000000000000e2e       0x40 Core/Src/main.o
 .debug_macro   0x0000000000000e6e       0x10 Core/Src/main.o
 .debug_macro   0x0000000000000e7e       0x40 Core/Src/main.o
 .debug_macro   0x0000000000000ebe       0xd7 Core/Src/main.o
 .debug_macro   0x0000000000000f95       0x1c Core/Src/main.o
 .debug_macro   0x0000000000000fb1       0x3d Core/Src/main.o
 .debug_macro   0x0000000000000fee       0x16 Core/Src/main.o
 .debug_macro   0x0000000000001004      0x145 Core/Src/main.o
 .debug_macro   0x0000000000001149       0x16 Core/Src/main.o
 .debug_macro   0x000000000000115f       0x16 Core/Src/main.o
 .debug_macro   0x0000000000001175       0x29 Core/Src/main.o
 .debug_macro   0x000000000000119e       0x16 Core/Src/main.o
 .debug_macro   0x00000000000011b4       0x20 Core/Src/main.o
 .debug_macro   0x00000000000011d4       0x66 Core/Src/main.o
 .debug_macro   0x000000000000123a      0x1c8 Core/Src/main.o
 .debug_macro   0x0000000000001402      0x1c3 Core/Src/stm32f1xx_hal_msp.o
 .debug_macro   0x00000000000015c5      0x1b4 Core/Src/stm32f1xx_hal_timebase_tim.o
 .debug_macro   0x0000000000001779      0x1cd Core/Src/stm32f1xx_it.o
 .debug_macro   0x0000000000001946      0x1ba Core/Src/system_stm32f1xx.o
 .debug_macro   0x0000000000001b00      0x1d8 Drivers/STM32F1xx_HAL_Driver/Src/stm32f1xx_hal.o